Component: ARM Compiler 5.06 update 5 (build 528) Tool: armlink [4d35e2]

==============================================================================

Section Cross References

    startup_stm32f103xe.o(RESET) refers to startup_stm32f103xe.o(STACK) for __initial_sp
    startup_stm32f103xe.o(RESET) refers to startup_stm32f103xe.o(.text) for Reset_Handler
    startup_stm32f103xe.o(RESET) refers to stm32f1xx_it.o(i.NMI_Handler) for NMI_Handler
    startup_stm32f103xe.o(RESET) refers to stm32f1xx_it.o(i.HardFault_Handler) for HardFault_Handler
    startup_stm32f103xe.o(RESET) refers to stm32f1xx_it.o(i.MemManage_Handler) for MemManage_Handler
    startup_stm32f103xe.o(RESET) refers to stm32f1xx_it.o(i.BusFault_Handler) for BusFault_Handler
    startup_stm32f103xe.o(RESET) refers to stm32f1xx_it.o(i.UsageFault_Handler) for UsageFault_Handler
    startup_stm32f103xe.o(RESET) refers to stm32f1xx_it.o(i.SVC_Handler) for SVC_Handler
    startup_stm32f103xe.o(RESET) refers to stm32f1xx_it.o(i.DebugMon_Handler) for DebugMon_Handler
    startup_stm32f103xe.o(RESET) refers to stm32f1xx_it.o(i.PendSV_Handler) for PendSV_Handler
    startup_stm32f103xe.o(RESET) refers to stm32f1xx_it.o(i.SysTick_Handler) for SysTick_Handler
    startup_stm32f103xe.o(RESET) refers to stm32f1xx_it.o(i.DMA1_Channel1_IRQHandler) for DMA1_Channel1_IRQHandler
    startup_stm32f103xe.o(RESET) refers to stm32f1xx_it.o(i.TIM1_UP_IRQHandler) for TIM1_UP_IRQHandler
    startup_stm32f103xe.o(RESET) refers to stm32f1xx_it.o(i.TIM3_IRQHandler) for TIM3_IRQHandler
    startup_stm32f103xe.o(.text) refers to system_stm32f1xx.o(i.SystemInit) for SystemInit
    startup_stm32f103xe.o(.text) refers to entry.o(.ARM.Collect$$$$00000000) for __main
    main.o(i.HAL_TIM_PeriodElapsedCallback) refers to fflti.o(.text) for __aeabi_i2f
    main.o(i.HAL_TIM_PeriodElapsedCallback) refers to fmul.o(.text) for __aeabi_fmul
    main.o(i.HAL_TIM_PeriodElapsedCallback) refers to f2d.o(.text) for __aeabi_f2d
    main.o(i.HAL_TIM_PeriodElapsedCallback) refers to dmul.o(.text) for __aeabi_dmul
    main.o(i.HAL_TIM_PeriodElapsedCallback) refers to dadd.o(.text) for __aeabi_dadd
    main.o(i.HAL_TIM_PeriodElapsedCallback) refers to dfixui.o(.text) for __aeabi_d2uiz
    main.o(i.HAL_TIM_PeriodElapsedCallback) refers to main.o(.data) for .data
    main.o(i.SystemClock_Config) refers to memseta.o(.text) for __aeabi_memclr4
    main.o(i.SystemClock_Config) refers to stm32f1xx_hal_rcc.o(i.HAL_RCC_OscConfig) for HAL_RCC_OscConfig
    main.o(i.SystemClock_Config) refers to stm32f1xx_hal_rcc.o(i.HAL_RCC_ClockConfig) for HAL_RCC_ClockConfig
    main.o(i.SystemClock_Config) refers to stm32f1xx_hal_rcc_ex.o(i.HAL_RCCEx_PeriphCLKConfig) for HAL_RCCEx_PeriphCLKConfig
    main.o(i.key_scan) refers to stm32f1xx_hal_gpio.o(i.HAL_GPIO_ReadPin) for HAL_GPIO_ReadPin
    main.o(i.key_scan) refers to stm32f1xx_hal_gpio.o(i.HAL_GPIO_TogglePin) for HAL_GPIO_TogglePin
    main.o(i.key_scan) refers to f2d.o(.text) for __aeabi_f2d
    main.o(i.key_scan) refers to dadd.o(.text) for __aeabi_dadd
    main.o(i.key_scan) refers to d2f.o(.text) for __aeabi_d2f
    main.o(i.key_scan) refers to main.o(.data) for .data
    main.o(i.main) refers to stm32f1xx_hal.o(i.HAL_Init) for HAL_Init
    main.o(i.main) refers to main.o(i.SystemClock_Config) for SystemClock_Config
    main.o(i.main) refers to gpio.o(i.MX_GPIO_Init) for MX_GPIO_Init
    main.o(i.main) refers to dma.o(i.MX_DMA_Init) for MX_DMA_Init
    main.o(i.main) refers to usart.o(i.MX_USART1_UART_Init) for MX_USART1_UART_Init
    main.o(i.main) refers to tim.o(i.MX_TIM1_Init) for MX_TIM1_Init
    main.o(i.main) refers to i2c.o(i.MX_I2C2_Init) for MX_I2C2_Init
    main.o(i.main) refers to adc.o(i.MX_ADC1_Init) for MX_ADC1_Init
    main.o(i.main) refers to tim.o(i.MX_TIM3_Init) for MX_TIM3_Init
    main.o(i.main) refers to oled.o(i.OLED_init) for OLED_init
    main.o(i.main) refers to stm32f1xx_hal_tim.o(i.HAL_TIM_PWM_Start) for HAL_TIM_PWM_Start
    main.o(i.main) refers to stm32f1xx_hal_tim_ex.o(i.HAL_TIMEx_PWMN_Start) for HAL_TIMEx_PWMN_Start
    main.o(i.main) refers to stm32f1xx_hal_tim.o(i.HAL_TIM_Base_Start_IT) for HAL_TIM_Base_Start_IT
    main.o(i.main) refers to stm32f1xx_hal_adc_ex.o(i.HAL_ADCEx_Calibration_Start) for HAL_ADCEx_Calibration_Start
    main.o(i.main) refers to stm32f1xx_hal_adc.o(i.HAL_ADC_Start_DMA) for HAL_ADC_Start_DMA
    main.o(i.main) refers to pid.o(i.CNTL_PI_F_init) for CNTL_PI_F_init
    main.o(i.main) refers to main.o(i.key_scan) for key_scan
    main.o(i.main) refers to fadd.o(.text) for __aeabi_fadd
    main.o(i.main) refers to tim.o(.bss) for htim1
    main.o(i.main) refers to adc.o(.bss) for hadc1
    main.o(i.main) refers to main.o(.data) for .data
    main.o(i.main) refers to main.o(.bss) for .bss
    gpio.o(i.MX_GPIO_Init) refers to stm32f1xx_hal_gpio.o(i.HAL_GPIO_WritePin) for HAL_GPIO_WritePin
    gpio.o(i.MX_GPIO_Init) refers to stm32f1xx_hal_gpio.o(i.HAL_GPIO_Init) for HAL_GPIO_Init
[...]
    Removing arm_common_tables.o(.rodata.twiddleCoef_256_q31), (1536 bytes).
    Removing arm_common_tables.o(.rodata.twiddleCoef_512_q31), (3072 bytes).
    Removing arm_common_tables.o(.rodata.twiddleCoef_1024_q31), (6144 bytes).
    Removing arm_common_tables.o(.rodata.twiddleCoef_2048_q31), (12288 bytes).
    Removing arm_common_tables.o(.rodata.twiddleCoef_4096_q31), (24576 bytes).
    Removing arm_common_tables.o(.rodata.twiddleCoef_16_q15), (48 bytes).
    Removing arm_common_tables.o(.rodata.twiddleCoef_32_q15), (96 bytes).
    Removing arm_common_tables.o(.rodata.twiddleCoef_64_q15), (192 bytes).
    Removing arm_common_tables.o(.rodata.twiddleCoef_128_q15), (384 bytes).
    Removing arm_common_tables.o(.rodata.twiddleCoef_256_q15), (768 bytes).
    Removing arm_common_tables.o(.rodata.twiddleCoef_512_q15), (1536 bytes).
    Removing arm_common_tables.o(.rodata.twiddleCoef_1024_q15), (3072 bytes).
    Removing arm_common_tables.o(.rodata.twiddleCoef_2048_q15), (6144 bytes).
    Removing arm_common_tables.o(.rodata.twiddleCoef_4096_q15), (12288 bytes).
    Removing arm_common_tables.o(.rodata.armBitRevIndexTable16), (40 bytes).
    Removing arm_common_tables.o(.rodata.armBitRevIndexTable32), (96 bytes).
    Removing arm_common_tables.o(.rodata.armBitRevIndexTable64), (112 bytes).
    Removing arm_common_tables.o(.rodata.armBitRevIndexTable128), (416 bytes).
    Removing arm_common_tables.o(.rodata.armBitRevIndexTable256), (880 bytes).
    Removing arm_common_tables.o(.rodata.armBitRevIndexTable512), (896 bytes).
    Removing arm_common_tables.o(.rodata.armBitRevIndexTable1024), (3600 bytes).
    Removing arm_common_tables.o(.rodata.armBitRevIndexTable2048), (7616 bytes).
    Removing arm_common_tables.o(.rodata.armBitRevIndexTable4096), (8064 bytes).
    Removing arm_common_tables.o(.rodata.armBitRevIndexTable_fixed_16), (24 bytes).
    Removing arm_common_tables.o(.rodata.armBitRevIndexTable_fixed_32), (48 bytes).
    Removing arm_common_tables.o(.rodata.armBitRevIndexTable_fixed_64), (112 bytes).
    Removing arm_common_tables.o(.rodata.armBitRevIndexTable_fixed_128), (224 bytes).
    Removing arm_common_tables.o(.rodata.armBitRevIndexTable_fixed_256), (480 bytes).
    Removing arm_common_tables.o(.rodata.armBitRevIndexTable_fixed_512), (960 bytes).
    Removing arm_common_tables.o(.rodata.armBitRevIndexTable_fixed_1024), (1984 bytes).
    Removing arm_common_tables.o(.rodata.armBitRevIndexTable_fixed_2048), (3968 bytes).
    Removing arm_common_tables.o(.rodata.armBitRevIndexTable_fixed_4096), (8064 bytes).
    Removing arm_common_tables.o(.rodata.twiddleCoef_rfft_32), (128 bytes).
    Removing arm_common_tables.o(.rodata.twiddleCoef_rfft_64), (256 bytes).
    Removing arm_common_tables.o(.rodata.twiddleCoef_rfft_128), (512 bytes).
    Removing arm_common_tables.o(.rodata.twiddleCoef_rfft_256), (1024 bytes).
    Removing arm_common_tables.o(.rodata.twiddleCoef_rfft_512), (2048 bytes).
    Removing arm_common_tables.o(.rodata.twiddleCoef_rfft_1024), (4096 bytes).
    Removing arm_common_tables.o(.rodata.twiddleCoef_rfft_2048), (8192 bytes).
    Removing arm_common_tables.o(.rodata.twiddleCoef_rfft_4096), (16384 bytes).
    Removing arm_common_tables.o(.rodata.realCoefA), (32768 bytes).
    Removing arm_common_tables.o(.rodata.realCoefB), (32768 bytes).
    Removing arm_common_tables.o(.rodata.realCoefAQ31), (32768 bytes).
    Removing arm_common_tables.o(.rodata.realCoefBQ31), (32768 bytes).
    Removing arm_common_tables.o(.rodata.realCoefAQ15), (16384 bytes).
    Removing arm_common_tables.o(.rodata.realCoefBQ15), (16384 bytes).
    Removing arm_common_tables.o(.rodata.Weights_128), (1024 bytes).
    Removing arm_common_tables.o(.rodata.cos_factors_128), (512 bytes).
    Removing arm_common_tables.o(.rodata.Weights_512), (4096 bytes).
    Removing arm_common_tables.o(.rodata.cos_factors_512), (2048 bytes).
    Removing arm_common_tables.o(.rodata.Weights_2048), (16384 bytes).
    Removing arm_common_tables.o(.rodata.cos_factors_2048), (8192 bytes).
    Removing arm_common_tables.o(.rodata.Weights_8192), (65536 bytes).
    Removing arm_common_tables.o(.rodata.cos_factors_8192), (32768 bytes).
    Removing arm_common_tables.o(.rodata.WeightsQ15_128), (512 bytes).
    Removing arm_common_tables.o(.rodata.cos_factorsQ15_128), (256 bytes).
    Removing arm_common_tables.o(.rodata.WeightsQ15_512), (2048 bytes).
    Removing arm_common_tables.o(.rodata.cos_factorsQ15_512), (1024 bytes).
    Removing arm_common_tables.o(.rodata.WeightsQ15_2048), (8192 bytes).
    Removing arm_common_tables.o(.rodata.cos_factorsQ15_2048), (4096 bytes).
    Removing arm_common_tables.o(.rodata.WeightsQ15_8192), (32768 bytes).
    Removing arm_common_tables.o(.rodata.cos_factorsQ15_8192), (16384 bytes).
    Removing arm_common_tables.o(.rodata.WeightsQ31_128), (1024 bytes).
    Removing arm_common_tables.o(.rodata.cos_factorsQ31_128), (512 bytes).
    Removing arm_common_tables.o(.rodata.WeightsQ31_512), (4096 bytes).
    Removing arm_common_tables.o(.rodata.cos_factorsQ31_512), (2048 bytes).
    Removing arm_common_tables.o(.rodata.WeightsQ31_2048), (16384 bytes).
    Removing arm_common_tables.o(.rodata.cos_factorsQ31_2048), (8192 bytes).
    Removing arm_common_tables.o(.rodata.WeightsQ31_8192), (65536 bytes).
    Removing arm_common_tables.o(.rodata.cos_factorsQ31_8192), (32768 bytes).
    Removing arm_common_tables.o(.rodata.armRecipTableQ15), (128 bytes).
    Removing arm_common_tables.o(.rodata.armRecipTableQ31), (256 bytes).
    Removing arm_common_tables.o(.rodata.sinTable_f32), (2052 bytes).
    Removing arm_common_tables.o(.rodata.sinTable_q31), (2052 bytes).
    Removing arm_common_tables.o(.rodata.sinTable_q15), (1026 bytes).
    Removing fscalb.o(.text), (24 bytes).
    Removing ffltui.o(.text), (10 bytes).
    Removing ffixi.o(.text), (50 bytes).
    Removing ffixui.o(.text), (40 bytes).
    Removing fsqrt.o(.text), (94 bytes).
    Removing dsqrt.o(.text), (162 bytes).
    Removing dfixul.o(.text), (48 bytes).

695 unused section(s) (total 781141 bytes) removed from the image.

==============================================================================

Image Symbol Table

    Local Symbols

    Symbol Name                              Value     Ov Type        Size  Object(Section)

    ../Core/Src/adc.c                        0x00000000   Number         0  adc.o ABSOLUTE
    ../Core/Src/dma.c                        0x00000000   Number         0  dma.o ABSOLUTE
    ../Core/Src/gpio.c                       0x00000000   Number         0  gpio.o ABSOLUTE
    ../Core/Src/i2c.c                        0x00000000   Number         0  i2c.o ABSOLUTE
    ../Core/Src/main.c                       0x00000000   Number         0  main.o ABSOLUTE
    ../Core/Src/stm32f1xx_hal_msp.c          0x00000000   Number         0  stm32f1xx_hal_msp.o ABSOLUTE
    ../Core/Src/stm32f1xx_it.c               0x00000000   Number         0  stm32f1xx_it.o ABSOLUTE
    ../Core/Src/system_stm32f1xx.c           0x00000000   Number         0  system_stm32f1xx.o ABSOLUTE
    ../Core/Src/tim.c                        0x00000000   Number         0  tim.o ABSOLUTE
    ../Core/Src/usart.c                      0x00000000   Number         0  usart.o ABSOLUTE
    ../Drivers/STM32F1xx_HAL_Driver/Src/stm32f1xx_hal.c 0x00000000   Number         0  stm32f1xx_hal.o ABSOLUTE
    ../Drivers/STM32F1xx_HAL_Driver/Src/stm32f1xx_hal_adc.c 0x00000000   Number         0  stm32f1xx_hal_adc.o ABSOLUTE
    ../Drivers/STM32F1xx_HAL_Driver/Src/stm32f1xx_hal_adc_ex.c 0x00000000   Number         0  stm32f1xx_hal_adc_ex.o ABSOLUTE
    ../Drivers/STM32F1xx_HAL_Driver/Src/stm32f1xx_hal_cortex.c 0x00000000   Number         0  stm32f1xx_hal_cortex.o ABSOLUTE
    ../Drivers/STM32F1xx_HAL_Driver/Src/stm32f1xx_hal_dma.c 0x00000000   Number         0  stm32f1xx_hal_dma.o ABSOLUTE
    ../Drivers/STM32F1xx_HAL_Driver/Src/stm32f1xx_hal_exti.c 0x00000000   Number         0  stm32f1xx_hal_exti.o ABSOLUTE
    ../Drivers/STM32F1xx_HAL_Driver/Src/stm32f1xx_hal_flash.c 0x00000000   Number         0  stm32f1xx_hal_flash.o ABSOLUTE
    ../Drivers/STM32F1xx_HAL_Driver/Src/stm32f1xx_hal_flash_ex.c 0x00000000   Number         0  stm32f1xx_hal_flash_ex.o ABSOLUTE
    ../Drivers/STM32F1xx_HAL_Driver/Src/stm32f1xx_hal_gpio.c 0x00000000   Number         0  stm32f1xx_hal_gpio.o ABSOLUTE
    ../Drivers/STM32F1xx_HAL_Driver/Src/stm32f1xx_hal_gpio_ex.c 0x00000000   Number         0  stm32f1xx_hal_gpio_ex.o ABSOLUTE
    ../Drivers/STM32F1xx_HAL_Driver/Src/stm32f1xx_hal_i2c.c 0x00000000   Number         0  stm32f1xx_hal_i2c.o ABSOLUTE
    ../Drivers/STM32F1xx_HAL_Driver/Src/stm32f1xx_hal_pwr.c 0x00000000   Number         0  stm32f1xx_hal_pwr.o ABSOLUTE
    ../Drivers/STM32F1xx_HAL_Driver/Src/stm32f1xx_hal_rcc.c 0x00000000   Number         0  stm32f1xx_hal_rcc.o ABSOLUTE
    ../Drivers/STM32F1xx_HAL_Driver/Src/stm32f1xx_hal_rcc_ex.c 0x00000000   Number         0  stm32f1xx_hal_rcc_ex.o ABSOLUTE
    ../Drivers/STM32F1xx_HAL_Driver/Src/stm32f1xx_hal_tim.c 0x00000000   Number         0  stm32f1xx_hal_tim.o ABSOLUTE
    ../Drivers/STM32F1xx_HAL_Driver/Src/stm32f1xx_hal_tim_ex.c 0x00000000   Number         0  stm32f1xx_hal_tim_ex.o ABSOLUTE
    ../Drivers/STM32F1xx_HAL_Driver/Src/stm32f1xx_hal_uart.c 0x00000000   Number         0  stm32f1xx_hal_uart.o ABSOLUTE
    ../clib/../cmprslib/zerorunl2.c          0x00000000   Number         0  __dczerorl2.o ABSOLUTE
    ../clib/microlib/division.c              0x00000000   Number         0  uldiv.o ABSOLUTE
    ../clib/microlib/division.c              0x00000000   Number         0  uidiv.o ABSOLUTE
    ../clib/microlib/errno.c                 0x00000000   Number         0  errno.o ABSOLUTE
    ../clib/microlib/init/entry.s            0x00000000   Number         0  entry8b.o ABSOLUTE
    ../clib/microlib/init/entry.s            0x00000000   Number         0  entry8a.o ABSOLUTE
    ../clib/microlib/init/entry.s            0x00000000   Number         0  entry7b.o ABSOLUTE
    ../clib/microlib/init/entry.s            0x00000000   Number         0  entry9b.o ABSOLUTE
    ../clib/microlib/init/entry.s            0x00000000   Number         0  entry7a.o ABSOLUTE
    ../clib/microlib/init/entry.s            0x00000000   Number         0  entry10a.o ABSOLUTE
    ../clib/microlib/init/entry.s            0x00000000   Number         0  entry5.o ABSOLUTE
    ../clib/microlib/init/entry.s            0x00000000   Number         0  entry10b.o ABSOLUTE
    ../clib/microlib/init/entry.s            0x00000000   Number         0  entry2.o ABSOLUTE
    ../clib/microlib/init/entry.s            0x00000000   Number         0  entry11b.o ABSOLUTE
    ../clib/microlib/init/entry.s            0x00000000   Number         0  entry11a.o ABSOLUTE
    ../clib/microlib/init/entry.s            0x00000000   Number         0  entry.o ABSOLUTE
    ../clib/microlib/init/entry.s            0x00000000   Number         0  entry9a.o ABSOLUTE
    ../clib/microlib/longlong.c              0x00000000   Number         0  llsshr.o ABSOLUTE
    ../clib/microlib/longlong.c              0x00000000   Number         0  llshl.o ABSOLUTE
    ../clib/microlib/longlong.c              0x00000000   Number         0  llushr.o ABSOLUTE
    ../clib/microlib/malloc/malloc.c         0x00000000   Number         0  mallocr.o ABSOLUTE
    ../clib/microlib/malloc/malloc.c         0x00000000   Number         0  mallocra.o ABSOLUTE
    ../clib/microlib/malloc/malloc.c         0x00000000   Number         0  malloca.o ABSOLUTE
    ../clib/microlib/malloc/malloc.c         0x00000000   Number         0  malloc.o ABSOLUTE
    ../clib/microlib/malloc/mvars.c          0x00000000   Number         0  mvars.o ABSOLUTE
    ../clib/microlib/printf/printf.c         0x00000000   Number         0  printfa.o ABSOLUTE
    ../clib/microlib/stdio/streams.c         0x00000000   Number         0  stdout.o ABSOLUTE
    ../clib/microlib/string/memcpy.c         0x00000000   Number         0  memcpya.o ABSOLUTE
    ../clib/microlib/string/memcpy.c         0x00000000   Number         0  memcpyb.o ABSOLUTE
    ../clib/microlib/string/memset.c         0x00000000   Number         0  memseta.o ABSOLUTE
    ../clib/microlib/stubs.s                 0x00000000   Number         0  iusefp.o ABSOLUTE
    ../fplib/microlib/d2f.c                  0x00000000   Number         0  d2f.o ABSOLUTE
    ../fplib/microlib/f2d.c                  0x00000000   Number         0  f2d.o ABSOLUTE
    ../fplib/microlib/fpadd.c                0x00000000   Number         0  fadd.o ABSOLUTE
    ../fplib/microlib/fpadd.c                0x00000000   Number         0  dadd.o ABSOLUTE
    ../fplib/microlib/fpdiv.c                0x00000000   Number         0  ddiv.o ABSOLUTE
    ../fplib/microlib/fpdiv.c                0x00000000   Number         0  fdiv.o ABSOLUTE
    ../fplib/microlib/fpepilogue.c           0x00000000   Number         0  depilogue.o ABSOLUTE
    ../fplib/microlib/fpepilogue.c           0x00000000   Number         0  fepilogue.o ABSOLUTE
    ../fplib/microlib/fpfix.c                0x00000000   Number         0  dfixul.o ABSOLUTE
    ../fplib/microlib/fpfix.c                0x00000000   Number         0  dfixui.o ABSOLUTE
    ../fplib/microlib/fpfix.c                0x00000000   Number         0  ffixui.o ABSOLUTE
    ../fplib/microlib/fpfix.c                0x00000000   Number         0  ffixi.o ABSOLUTE
    ../fplib/microlib/fpflt.c                0x00000000   Number         0  dflti.o ABSOLUTE
    ../fplib/microlib/fpflt.c                0x00000000   Number         0  ffltui.o ABSOLUTE
    ../fplib/microlib/fpflt.c                0x00000000   Number         0  dfltui.o ABSOLUTE
    ../fplib/microlib/fpflt.c                0x00000000   Number         0  fflti.o ABSOLUTE
    ../fplib/microlib/fpmul.c                0x00000000   Number         0  dmul.o ABSOLUTE
    ../fplib/microlib/fpmul.c                0x00000000   Number         0  fmul.o ABSOLUTE
    ../fplib/microlib/fpscalb.c              0x00000000   Number         0  dscalb.o ABSOLUTE
    ../fplib/microlib/fpscalb.c              0x00000000   Number         0  fscalb.o ABSOLUTE
    ../fplib/microlib/fpsqrt.c               0x00000000   Number         0  fsqrt.o ABSOLUTE
    ../fplib/microlib/fpsqrt.c               0x00000000   Number         0  dsqrt.o ABSOLUTE
    ../mathlib/sqrt.c                        0x00000000   Number         0  sqrt.o ABSOLUTE
    ../mathlib/sqrt.c                        0x00000000   Number         0  sqrt_x.o ABSOLUTE
    ../mathlib/sqrtf.c                       0x00000000   Number         0  sqrtf_x.o ABSOLUTE
    ../mathlib/sqrtf.c                       0x00000000   Number         0  sqrtf.o ABSOLUTE
    ..\BSP\FFT\FFT.c                         0x00000000   Number         0  fft.o ABSOLUTE
    ..\BSP\OLED\oled.c                       0x00000000   Number         0  oled.o ABSOLUTE
    ..\BSP\lvbo\lvbo.c                       0x00000000   Number         0  lvbo.o ABSOLUTE
    ..\BSP\pidw\pid.c                        0x00000000   Number         0  pid.o ABSOLUTE
    ..\Core\Src\adc.c                        0x00000000   Number         0  adc.o ABSOLUTE
    ..\Core\Src\dma.c                        0x00000000   Number         0  dma.o ABSOLUTE
    ..\Core\Src\gpio.c                       0x00000000   Number         0  gpio.o ABSOLUTE
    ..\Core\Src\i2c.c                        0x00000000   Number         0  i2c.o ABSOLUTE
    ..\Core\Src\main.c                       0x00000000   Number         0  main.o ABSOLUTE
    ..\Core\Src\stm32f1xx_hal_msp.c          0x00000000   Number         0  stm32f1xx_hal_msp.o ABSOLUTE
    ..\Core\Src\stm32f1xx_it.c               0x00000000   Number         0  stm32f1xx_it.o ABSOLUTE
    ..\Core\Src\system_stm32f1xx.c           0x00000000   Number         0  system_stm32f1xx.o ABSOLUTE
    ..\Core\Src\tim.c                        0x00000000   Number         0  tim.o ABSOLUTE
    ..\Core\Src\usart.c                      0x00000000   Number         0  usart.o ABSOLUTE
    ..\DSP\cr4_fft_256_stm32.s               0x00000000   Number         0  cr4_fft_256_stm32.o ABSOLUTE
    ..\Drivers\STM32F1xx_HAL_Driver\Src\stm32f1xx_hal.c 0x00000000   Number         0  stm32f1xx_hal.o ABSOLUTE
    ..\Drivers\STM32F1xx_HAL_Driver\Src\stm32f1xx_hal_adc.c 0x00000000   Number         0  stm32f1xx_hal_adc.o ABSOLUTE
    ..\Drivers\STM32F1xx_HAL_Driver\Src\stm32f1xx_hal_adc_ex.c 0x00000000   Number         0  stm32f1xx_hal_adc_ex.o ABSOLUTE
    ..\Drivers\STM32F1xx_HAL_Driver\Src\stm32f1xx_hal_cortex.c 0x00000000   Number         0  stm32f1xx_hal_cortex.o ABSOLUTE
    ..\Drivers\STM32F1xx_HAL_Driver\Src\stm32f1xx_hal_dma.c 0x00000000   Number         0  stm32f1xx_hal_dma.o ABSOLUTE
    ..\Drivers\STM32F1xx_HAL_Driver\Src\stm32f1xx_hal_exti.c 0x00000000   Number         0  stm32f1xx_hal_exti.o ABSOLUTE
    ..\Drivers\STM32F1xx_HAL_Driver\Src\stm32f1xx_hal_flash.c 0x00000000   Number         0  stm32f1xx_hal_flash.o ABSOLUTE
    ..\Drivers\STM32F1xx_HAL_Driver\Src\stm32f1xx_hal_flash_ex.c 0x00000000   Number         0  stm32f1xx_hal_flash_ex.o ABSOLUTE
    ..\Drivers\STM32F1xx_HAL_Driver\Src\stm32f1xx_hal_gpio.c 0x00000000   Number         0  stm32f1xx_hal_gpio.o ABSOLUTE
    ..\Drivers\STM32F1xx_HAL_Driver\Src\stm32f1xx_hal_gpio_ex.c 0x00000000   Number         0  stm32f1xx_hal_gpio_ex.o ABSOLUTE
    ..\Drivers\STM32F1xx_HAL_Driver\Src\stm32f1xx_hal_i2c.c 0x00000000   Number         0  stm32f1xx_hal_i2c.o ABSOLUTE
    ..\Drivers\STM32F1xx_HAL_Driver\Src\stm32f1xx_hal_pwr.c 0x00000000   Number         0  stm32f1xx_hal_pwr.o ABSOLUTE
    ..\Drivers\STM32F1xx_HAL_Driver\Src\stm32f1xx_hal_rcc.c 0x00000000   Number         0  stm32f1xx_hal_rcc.o ABSOLUTE
    ..\Drivers\STM32F1xx_HAL_Driver\Src\stm32f1xx_hal_rcc_ex.c 0x00000000   Number         0  stm32f1xx_hal_rcc_ex.o ABSOLUTE
    ..\Drivers\STM32F1xx_HAL_Driver\Src\stm32f1xx_hal_tim.c 0x00000000   Number         0  stm32f1xx_hal_tim.o ABSOLUTE
    ..\Drivers\STM32F1xx_HAL_Driver\Src\stm32f1xx_hal_tim_ex.c 0x00000000   Number         0  stm32f1xx_hal_tim_ex.o ABSOLUTE
    ..\Drivers\STM32F1xx_HAL_Driver\Src\stm32f1xx_hal_uart.c 0x00000000   Number         0  stm32f1xx_hal_uart.o ABSOLUTE
    ..\\BSP\\FFT\\FFT.c                      0x00000000   Number         0  fft.o ABSOLUTE
    ..\\BSP\\OLED\\oled.c                    0x00000000   Number         0  oled.o ABSOLUTE
    ..\\BSP\\lvbo\\lvbo.c                    0x00000000   Number         0  lvbo.o ABSOLUTE
    arm_bitreversal2.c                       0x00000000   Number         0  arm_bitreversal2.o ABSOLUTE
    arm_cfft_f32.c                           0x00000000   Number         0  arm_cfft_f32.o ABSOLUTE
    arm_cfft_radix8_f32.c                    0x00000000   Number         0  arm_cfft_radix8_f32.o ABSOLUTE
    arm_cmplx_mag_f32.c                      0x00000000   Number         0  arm_cmplx_mag_f32.o ABSOLUTE
    arm_common_tables.c                      0x00000000   Number         0  arm_common_tables.o ABSOLUTE
    arm_const_structs.c                      0x00000000   Number         0  arm_const_structs.o ABSOLUTE
    cdcmple.s                                0x00000000   Number         0  cdcmple.o ABSOLUTE
    cdrcmple.s                               0x00000000   Number         0  cdrcmple.o ABSOLUTE
    cfcmple.s                                0x00000000   Number         0  cfcmple.o ABSOLUTE
    cfrcmple.s                               0x00000000   Number         0  cfrcmple.o ABSOLUTE
    dc.s                                     0x00000000   Number         0  dc.o ABSOLUTE
    handlers.s                               0x00000000   Number         0  handlers.o ABSOLUTE
    init.s                                   0x00000000   Number         0  init.o ABSOLUTE
    startup_stm32f103xe.s                    0x00000000   Number         0  startup_stm32f103xe.o ABSOLUTE
    RESET                                    0x08000000   Section      304  startup_stm32f103xe.o(RESET)
    .ARM.Collect$$$$00000000                 0x08000130   Section        0  entry.o(.ARM.Collect$$$$00000000)
    .ARM.Collect$$$$00000001                 0x08000130   Section        4  entry2.o(.ARM.Collect$$$$00000001)
    .ARM.Collect$$$$00000004                 0x08000134   Section        4  entry5.o(.ARM.Collect$$$$00000004)
    .ARM.Collect$$$$00000008                 0x08000138   Section        0  entry7b.o(.ARM.Collect$$$$00000008)
    .ARM.Collect$$$$0000000A                 0x08000138   Section        0  entry8b.o(.ARM.Collect$$$$0000000A)
    .ARM.Collect$$$$0000000B                 0x08000138   Section        8  entry9a.o(.ARM.Collect$$$$0000000B)
    .ARM.Collect$$$$0000000D                 0x08000140   Section        0  entry10a.o(.ARM.Collect$$$$0000000D)
    .ARM.Collect$$$$0000000F                 0x08000140   Section        0  entry11a.o(.ARM.Collect$$$$0000000F)
    .ARM.Collect$$$$00002712                 0x08000140   Section        4  entry2.o(.ARM.Collect$$$$00002712)
    __lit__00000000                          0x08000140   Data           4  entry2.o(.ARM.Collect$$$$00002712)
    .text                                    0x08000144   Section       36  startup_stm32f103xe.o(.text)
    .text                                    0x08000168   Section        0  llushr.o(.text)
    .text                                    0x08000188   Section        0  memseta.o(.text)
    .text                                    0x080001ac   Section        0  fadd.o(.text)
    .text                                    0x0800025c   Section        0  fmul.o(.text)
    .text                                    0x080002c0   Section        0  fdiv.o(.text)
    .text                                    0x0800033c   Section        0  dadd.o(.text)
    .text                                    0x0800048a   Section        0  dmul.o(.text)
    .text                                    0x0800056e   Section        0  ddiv.o(.text)
    .text                                    0x0800064c   Section        0  dscalb.o(.text)
    .text                                    0x0800067a   Section        0  fflti.o(.text)
    .text                                    0x0800068c   Section        0  dflti.o(.text)
    .text                                    0x080006ae   Section        0  dfltui.o(.text)
    .text                                    0x080006c8   Section        0  dfixui.o(.text)
    .text                                    0x080006fa   Section        0  f2d.o(.text)
    .text                                    0x08000720   Section       48  cdcmple.o(.text)
    .text                                    0x08000750   Section       48  cdrcmple.o(.text)
    .text                                    0x08000780   Section        0  d2f.o(.text)
    .text                                    0x080007b8   Section       20  cfcmple.o(.text)
    .text                                    0x080007cc   Section       20  cfrcmple.o(.text)
    .text                                    0x080007e0   Section        0  llshl.o(.text)
    .text                                    0x080007fe   Section        0  llsshr.o(.text)
    .text                                    0x08000822   Section        0  fepilogue.o(.text)
    .text                                    0x08000822   Section        0  iusefp.o(.text)
    .text                                    0x08000890   Section        0  depilogue.o(.text)
    .text                                    0x0800094c   Section       36  init.o(.text)
    .text                                    0x08000970   Section        0  __dczerorl2.o(.text)
    i.ADC_ConversionStop_Disable             0x080009c8   Section        0  stm32f1xx_hal_adc.o(i.ADC_ConversionStop_Disable)
    i.ADC_DMAConvCplt                        0x08000a1e   Section        0  stm32f1xx_hal_adc.o(i.ADC_DMAConvCplt)
    i.ADC_DMAError                           0x08000a6c   Section        0  stm32f1xx_hal_adc.o(i.ADC_DMAError)
    i.ADC_DMAHalfConvCplt                    0x08000a86   Section        0  stm32f1xx_hal_adc.o(i.ADC_DMAHalfConvCplt)
    i.ADC_Enable                             0x08000a90   Section        0  stm32f1xx_hal_adc.o(i.ADC_Enable)
    i.BusFault_Handler                       0x08000b0c   Section        0  stm32f1xx_it.o(i.BusFault_Handler)
    i.CNTL_PI_F_FUNC                         0x08000b0e   Section        0  pid.o(i.CNTL_PI_F_FUNC)
    i.CNTL_PI_F_init                         0x08000b70   Section        0  pid.o(i.CNTL_PI_F_init)
    i.DMA1_Channel1_IRQHandler               0x08000b98   Section        0  stm32f1xx_it.o(i.DMA1_Channel1_IRQHandler)
    i.DMA_SetConfig                          0x08000d9c   Section        0  stm32f1xx_hal_dma.o(i.DMA_SetConfig)
    DMA_SetConfig                            0x08000d9d   Thumb Code    42  stm32f1xx_hal_dma.o(i.DMA_SetConfig)
    i.DebugMon_Handler                       0x08000dc6   Section        0  stm32f1xx_it.o(i.DebugMon_Handler)
    i.Error_Handler                          0x08000dc8   Section        0  main.o(i.Error_Handler)
    i.HAL_ADCEx_Calibration_Start            0x08000dcc   Section        0  stm32f1xx_hal_adc_ex.o(i.HAL_ADCEx_Calibration_Start)
    i.HAL_ADC_ConfigChannel                  0x08000ea4   Section        0  stm32f1xx_hal_adc.o(i.HAL_ADC_ConfigChannel)
    i.HAL_ADC_ConvCpltCallback               0x08000fa0   Section        0  stm32f1xx_hal_adc.o(i.HAL_ADC_ConvCpltCallback)
    i.HAL_ADC_ConvHalfCpltCallback           0x08000fa2   Section        0  stm32f1xx_hal_adc.o(i.HAL_ADC_ConvHalfCpltCallback)
    i.HAL_ADC_ErrorCallback                  0x08000fa4   Section        0  stm32f1xx_hal_adc.o(i.HAL_ADC_ErrorCallback)
    i.HAL_ADC_Init                           0x08000fa8   Section        0  stm32f1xx_hal_adc.o(i.HAL_ADC_Init)
    i.HAL_ADC_MspInit                        0x080010c8   Section        0  adc.o(i.HAL_ADC_MspInit)
    i.HAL_ADC_Start_DMA                      0x08001158   Section        0  stm32f1xx_hal_adc.o(i.HAL_ADC_Start_DMA)
    i.HAL_DMA_IRQHandler                     0x08001264   Section        0  stm32f1xx_hal_dma.o(i.HAL_DMA_IRQHandler)
    i.HAL_DMA_Init                           0x080014ac   Section        0  stm32f1xx_hal_dma.o(i.HAL_DMA_Init)
    i.HAL_DMA_Start_IT                       0x08001528   Section        0  stm32f1xx_hal_dma.o(i.HAL_DMA_Start_IT)
    i.HAL_GPIO_Init                          0x08001598   Section        0  stm32f1xx_hal_gpio.o(i.HAL_GPIO_Init)
    i.HAL_GPIO_ReadPin                       0x08001790   Section        0  stm32f1xx_hal_gpio.o(i.HAL_GPIO_ReadPin)
    i.HAL_GPIO_TogglePin                     0x0800179a   Section        0  stm32f1xx_hal_gpio.o(i.HAL_GPIO_TogglePin)
    i.HAL_GPIO_WritePin                      0x080017aa   Section        0  stm32f1xx_hal_gpio.o(i.HAL_GPIO_WritePin)
    i.HAL_GetTick                            0x080017b4   Section        0  stm32f1xx_hal.o(i.HAL_GetTick)
    i.HAL_I2C_Init                           0x080017c0   Section        0  stm32f1xx_hal_i2c.o(i.HAL_I2C_Init)
    i.HAL_I2C_Master_Transmit                0x08001948   Section        0  stm32f1xx_hal_i2c.o(i.HAL_I2C_Master_Transmit)
    i.HAL_I2C_MspInit                        0x08001a74   Section        0  i2c.o(i.HAL_I2C_MspInit)
    i.HAL_IncTick                            0x08001ad4   Section        0  stm32f1xx_hal.o(i.HAL_IncTick)
    i.HAL_Init                               0x08001ae4   Section        0  stm32f1xx_hal.o(i.HAL_Init)
    i.HAL_InitTick                           0x08001b08   Section        0  stm32f1xx_hal.o(i.HAL_InitTick)
    i.HAL_MspInit                            0x08001b48   Section        0  stm32f1xx_hal_msp.o(i.HAL_MspInit)
    i.HAL_NVIC_EnableIRQ                     0x08001b84   Section        0  stm32f1xx_hal_cortex.o(i.HAL_NVIC_EnableIRQ)
    i.HAL_NVIC_SetPriority                   0x08001ba0   Section        0  stm32f1xx_hal_cortex.o(i.HAL_NVIC_SetPriority)
    i.HAL_NVIC_SetPriorityGrouping           0x08001be0   Section        0  stm32f1xx_hal_cortex.o(i.HAL_NVIC_SetPriorityGrouping)
    i.HAL_RCCEx_GetPeriphCLKFreq             0x08001c04   Section        0  stm32f1xx_hal_rcc_ex.o(i.HAL_RCCEx_GetPeriphCLKFreq)
    i.HAL_RCCEx_PeriphCLKConfig              0x08001cd8   Section        0  stm32f1xx_hal_rcc_ex.o(i.HAL_RCCEx_PeriphCLKConfig)
    i.HAL_RCC_ClockConfig                    0x08001dc4   Section        0  stm32f1xx_hal_rcc.o(i.HAL_RCC_ClockConfig)
    i.HAL_RCC_GetPCLK1Freq                   0x08001ef0   Section        0  stm32f1xx_hal_rcc.o(i.HAL_RCC_GetPCLK1Freq)
    i.HAL_RCC_GetPCLK2Freq                   0x08001f10   Section        0  stm32f1xx_hal_rcc.o(i.HAL_RCC_GetPCLK2Freq)
    i.HAL_RCC_GetSysClockFreq                0x08001f30   Section        0  stm32f1xx_hal_rcc.o(i.HAL_RCC_GetSysClockFreq)
    i.HAL_RCC_OscConfig                      0x08001f9c   Section        0  stm32f1xx_hal_rcc.o(i.HAL_RCC_OscConfig)
    i.HAL_SYSTICK_Config                     0x080022bc   Section        0  stm32f1xx_hal_cortex.o(i.HAL_SYSTICK_Config)
    i.HAL_TIMEx_BreakCallback                0x080022e4   Section        0  stm32f1xx_hal_tim_ex.o(i.HAL_TIMEx_BreakCallback)
    i.HAL_TIMEx_CommutCallback               0x080022e6   Section        0  stm32f1xx_hal_tim_ex.o(i.HAL_TIMEx_CommutCallback)
    i.HAL_TIMEx_ConfigBreakDeadTime          0x080022e8   Section        0  stm32f1xx_hal_tim_ex.o(i.HAL_TIMEx_ConfigBreakDeadTime)
    i.HAL_TIMEx_MasterConfigSynchronization  0x0800233c   Section        0  stm32f1xx_hal_tim_ex.o(i.HAL_TIMEx_MasterConfigSynchronization)
    i.HAL_TIMEx_PWMN_Start                   0x080023b8   Section        0  stm32f1xx_hal_tim_ex.o(i.HAL_TIMEx_PWMN_Start)
    i.HAL_TIM_Base_Init                      0x08002464   Section        0  stm32f1xx_hal_tim.o(i.HAL_TIM_Base_Init)
    i.HAL_TIM_Base_MspInit                   0x080024c0   Section        0  tim.o(i.HAL_TIM_Base_MspInit)
    i.HAL_TIM_Base_Start_IT                  0x08002524   Section        0  stm32f1xx_hal_tim.o(i.HAL_TIM_Base_Start_IT)
    i.HAL_TIM_ConfigClockSource              0x08002590   Section        0  stm32f1xx_hal_tim.o(i.HAL_TIM_ConfigClockSource)
    i.HAL_TIM_IC_CaptureCallback             0x08002666   Section        0  stm32f1xx_hal_tim.o(i.HAL_TIM_IC_CaptureCallback)
    i.HAL_TIM_IRQHandler                     0x08002668   Section        0  stm32f1xx_hal_tim.o(i.HAL_TIM_IRQHandler)
    i.HAL_TIM_MspPostInit                    0x080027d0   Section        0  tim.o(i.HAL_TIM_MspPostInit)
    i.HAL_TIM_OC_DelayElapsedCallback        0x08002834   Section        0  stm32f1xx_hal_tim.o(i.HAL_TIM_OC_DelayElapsedCallback)
    i.HAL_TIM_PWM_ConfigChannel              0x08002836   Section        0  stm32f1xx_hal_tim.o(i.HAL_TIM_PWM_ConfigChannel)
    i.HAL_TIM_PWM_Init                       0x080028fc   Section        0  stm32f1xx_hal_tim.o(i.HAL_TIM_PWM_Init)
    i.HAL_TIM_PWM_MspInit                    0x08002956   Section        0  stm32f1xx_hal_tim.o(i.HAL_TIM_PWM_MspInit)
    i.HAL_TIM_PWM_PulseFinishedCallback      0x08002958   Section        0  stm32f1xx_hal_tim.o(i.HAL_TIM_PWM_PulseFinishedCallback)
    i.HAL_TIM_PWM_Start                      0x0800295c   Section        0  stm32f1xx_hal_tim.o(i.HAL_TIM_PWM_Start)
    i.HAL_TIM_PeriodElapsedCallback          0x08002a10   Section        0  main.o(i.HAL_TIM_PeriodElapsedCallback)
    i.HAL_TIM_TriggerCallback                0x08002a84   Section        0  stm32f1xx_hal_tim.o(i.HAL_TIM_TriggerCallback)
    i.HAL_UART_Init                          0x08002a86   Section        0  stm32f1xx_hal_uart.o(i.HAL_UART_Init)
    i.HAL_UART_MspInit                       0x08002ae8   Section        0  usart.o(i.HAL_UART_MspInit)
    i.HardFault_Handler                      0x08002b58   Section        0  stm32f1xx_it.o(i.HardFault_Handler)
    i.I2C_IsAcknowledgeFailed                0x08002b5a   Section        0  stm32f1xx_hal_i2c.o(i.I2C_IsAcknowledgeFailed)
    I2C_IsAcknowledgeFailed                  0x08002b5b   Thumb Code    46  stm32f1xx_hal_i2c.o(i.I2C_IsAcknowledgeFailed)
    i.I2C_MasterRequestWrite                 0x08002b88   Section        0  stm32f1xx_hal_i2c.o(i.I2C_MasterRequestWrite)
    I2C_MasterRequestWrite                   0x08002b89   Thumb Code   150  stm32f1xx_hal_i2c.o(i.I2C_MasterRequestWrite)
    i.I2C_WaitOnBTFFlagUntilTimeout          0x08002c24   Section        0  stm32f1xx_hal_i2c.o(i.I2C_WaitOnBTFFlagUntilTimeout)
    I2C_WaitOnBTFFlagUntilTimeout            0x08002c25   Thumb Code    76  stm32f1xx_hal_i2c.o(i.I2C_WaitOnBTFFlagUntilTimeout)
    i.I2C_WaitOnFlagUntilTimeout             0x08002c70   Section        0  stm32f1xx_hal_i2c.o(i.I2C_WaitOnFlagUntilTimeout)
    I2C_WaitOnFlagUntilTimeout               0x08002c71   Thumb Code   104  stm32f1xx_hal_i2c.o(i.I2C_WaitOnFlagUntilTimeout)
    i.I2C_WaitOnMasterAddressFlagUntilTimeout 0x08002cd8   Section        0  stm32f1xx_hal_i2c.o(i.I2C_WaitOnMasterAddressFlagUntilTimeout)
    I2C_WaitOnMasterAddressFlagUntilTimeout  0x08002cd9   Thumb Code   150  stm32f1xx_hal_i2c.o(i.I2C_WaitOnMasterAddressFlagUntilTimeout)
    i.I2C_WaitOnTXEFlagUntilTimeout          0x08002d6e   Section        0  stm32f1xx_hal_i2c.o(i.I2C_WaitOnTXEFlagUntilTimeout)
    I2C_WaitOnTXEFlagUntilTimeout            0x08002d6f   Thumb Code    76  stm32f1xx_hal_i2c.o(i.I2C_WaitOnTXEFlagUntilTimeout)
    i.MX_ADC1_Init                           0x08002dbc   Section        0  adc.o(i.MX_ADC1_Init)
    i.MX_DMA_Init                            0x08002e20   Section        0  dma.o(i.MX_DMA_Init)
    i.MX_GPIO_Init                           0x08002e4c   Section        0  gpio.o(i.MX_GPIO_Init)
    i.MX_I2C2_Init                           0x08002f34   Section        0  i2c.o(i.MX_I2C2_Init)
    i.MX_TIM1_Init                           0x08002f74   Section        0  tim.o(i.MX_TIM1_Init)
    i.MX_TIM3_Init                           0x08003068   Section        0  tim.o(i.MX_TIM3_Init)
    i.MX_USART1_UART_Init                    0x080030d0   Section        0  usart.o(i.MX_USART1_UART_Init)
    i.MemManage_Handler                      0x0800310c   Section        0  stm32f1xx_it.o(i.MemManage_Handler)
    i.MovingAverageFilter                    0x08003110   Section        0  lvbo.o(i.MovingAverageFilter)
    i.NMI_Handler                            0x08003178   Section        0  stm32f1xx_it.o(i.NMI_Handler)
    i.OLED_init                              0x0800317a   Section        0  oled.o(i.OLED_init)
    i.PendSV_Handler                         0x08003260   Section        0  stm32f1xx_it.o(i.PendSV_Handler)
    i.SVC_Handler                            0x08003262   Section        0  stm32f1xx_it.o(i.SVC_Handler)
    i.SysTick_Handler                        0x08003264   Section        0  stm32f1xx_it.o(i.SysTick_Handler)
    i.SystemClock_Config                     0x08003268   Section        0  main.o(i.SystemClock_Config)
    i.SystemInit                             0x080032e2   Section        0  system_stm32f1xx.o(i.SystemInit)
    i.TIM1_UP_IRQHandler                     0x080032e4   Section        0  stm32f1xx_it.o(i.TIM1_UP_IRQHandler)
    i.TIM3_IRQHandler                        0x080032f0   Section        0  stm32f1xx_it.o(i.TIM3_IRQHandler)
    i.TIM_Base_SetConfig                     0x080032fc   Section        0  stm32f1xx_hal_tim.o(i.TIM_Base_SetConfig)
    i.TIM_CCxChannelCmd                      0x08003388   Section        0  stm32f1xx_hal_tim.o(i.TIM_CCxChannelCmd)
    i.TIM_CCxNChannelCmd                     0x080033a2   Section        0  stm32f1xx_hal_tim_ex.o(i.TIM_CCxNChannelCmd)
    TIM_CCxNChannelCmd                       0x080033a3   Thumb Code    26  stm32f1xx_hal_tim_ex.o(i.TIM_CCxNChannelCmd)
    i.TIM_ETR_SetConfig                      0x080033bc   Section        0  stm32f1xx_hal_tim.o(i.TIM_ETR_SetConfig)
    i.TIM_ITRx_SetConfig                     0x080033d0   Section        0  stm32f1xx_hal_tim.o(i.TIM_ITRx_SetConfig)
    TIM_ITRx_SetConfig                       0x080033d1   Thumb Code    16  stm32f1xx_hal_tim.o(i.TIM_ITRx_SetConfig)
    i.TIM_OC1_SetConfig                      0x080033e0   Section        0  stm32f1xx_hal_tim.o(i.TIM_OC1_SetConfig)
    TIM_OC1_SetConfig                        0x080033e1   Thumb Code    88  stm32f1xx_hal_tim.o(i.TIM_OC1_SetConfig)
    i.TIM_OC2_SetConfig                      0x08003440   Section        0  stm32f1xx_hal_tim.o(i.TIM_OC2_SetConfig)
    i.TIM_OC3_SetConfig                      0x080034ac   Section        0  stm32f1xx_hal_tim.o(i.TIM_OC3_SetConfig)
    TIM_OC3_SetConfig                        0x080034ad   Thumb Code    96  stm32f1xx_hal_tim.o(i.TIM_OC3_SetConfig)
    i.TIM_OC4_SetConfig                      0x08003514   Section        0  stm32f1xx_hal_tim.o(i.TIM_OC4_SetConfig)
    TIM_OC4_SetConfig                        0x08003515   Thumb Code    70  stm32f1xx_hal_tim.o(i.TIM_OC4_SetConfig)
    i.TIM_TI1_ConfigInputStage               0x08003564   Section        0  stm32f1xx_hal_tim.o(i.TIM_TI1_ConfigInputStage)
    TIM_TI1_ConfigInputStage                 0x08003565   Thumb Code    34  stm32f1xx_hal_tim.o(i.TIM_TI1_ConfigInputStage)
    i.TIM_TI2_ConfigInputStage               0x08003586   Section        0  stm32f1xx_hal_tim.o(i.TIM_TI2_ConfigInputStage)
    TIM_TI2_ConfigInputStage                 0x08003587   Thumb Code    36  stm32f1xx_hal_tim.o(i.TIM_TI2_ConfigInputStage)
    i.UART_SetConfig                         0x080035ac   Section        0  stm32f1xx_hal_uart.o(i.UART_SetConfig)
    UART_SetConfig                           0x080035ad   Thumb Code   178  stm32f1xx_hal_uart.o(i.UART_SetConfig)
    i.UsageFault_Handler                     0x08003664   Section        0  stm32f1xx_it.o(i.UsageFault_Handler)
    i.__NVIC_SetPriority                     0x08003666   Section        0  stm32f1xx_hal_cortex.o(i.__NVIC_SetPriority)
    __NVIC_SetPriority                       0x08003667   Thumb Code    32  stm32f1xx_hal_cortex.o(i.__NVIC_SetPriority)
    i.__scatterload_copy                     0x08003686   Section       14  handlers.o(i.__scatterload_copy)
    i.__scatterload_null                     0x08003694   Section        2  handlers.o(i.__scatterload_null)
    i.__scatterload_zeroinit                 0x08003696   Section       14  handlers.o(i.__scatterload_zeroinit)
    i.key_scan                               0x080036a4   Section        0  main.o(i.key_scan)
    i.main                                   0x08003754   Section        0  main.o(i.main)
    i.oled_write_byte                        0x08003824   Section        0  oled.o(i.oled_write_byte)
    .constdata                               0x0800384c   Section       16  system_stm32f1xx.o(.constdata)
    .constdata                               0x0800385c   Section        8  system_stm32f1xx.o(.constdata)
    .data                                    0x20000000   Section      440  main.o(.data)
    .data                                    0x200001b8   Section        4  main.o(.data)
    .data                                    0x200001bc   Section        4  main.o(.data)
    .data                                    0x200001c0   Section        4  main.o(.data)
    .data                                    0x200001c4   Section        4  main.o(.data)
    .data                                    0x200001c8   Section        8  main.o(.data)
    .data                                    0x200001d0   Section        1  stm32f1xx_it.o(.data)
    cnt                                      0x200001d0   Data           1  stm32f1xx_it.o(.data)
    .data                                    0x200001d4   Section       12  stm32f1xx_hal.o(.data)
    .data                                    0x200001e0   Section        4  system_stm32f1xx.o(.data)
    .data                                    0x200001e4   Section        8  oled.o(.data)
    cmd_data                                 0x200001e4   Data           2  oled.o(.data)
    ap                                       0x200001e8   Data           4  oled.o(.data)
    .data                                    0x200001ec   Section       32  lvbo.o(.data)
    MAF_index                                0x200001ec   Data           1  lvbo.o(.data)
    average_index                            0x200001ee   Data           2  lvbo.o(.data)
    yk_1                                     0x200001f0   Data           4  lvbo.o(.data)
    prevData                                 0x200001f4   Data           4  lvbo.o(.data)
    p                                        0x200001f8   Data           4  lvbo.o(.data)
    q                                        0x200001fc   Data           4  lvbo.o(.data)
    r                                        0x20000200   Data           4  lvbo.o(.data)
    kGain                                    0x20000204   Data           4  lvbo.o(.data)
    average_num                              0x20000208   Data           4  lvbo.o(.data)
    .bss                                     0x2000020c   Section     4096  main.o(.bss)
    .bss                                     0x2000120c   Section       48  main.o(.bss)
    .bss                                     0x2000123c   Section      116  adc.o(.bss)
    .bss                                     0x200012b0   Section       84  i2c.o(.bss)
    .bss                                     0x20001304   Section      144  tim.o(.bss)
    .bss                                     0x20001394   Section       68  usart.o(.bss)
    .bss                                     0x200013d8   Section       68  lvbo.o(.bss)
    buffer                                   0x200013d8   Data          20  lvbo.o(.bss)
    STACK                                    0x20001420   Section     1024  startup_stm32f103xe.o(STACK)

    Global Symbols

    Symbol Name                              Value     Ov Type        Size  Object(Section)

    BuildAttributes$$THM_ISAv4$P$D$K$B$S$PE$A:L22UL41UL21$X:L11$S22US41US21$IEEE1$IW$USESV6$~STKCKD$USESV7$~SHL$OTIME$ROPI$IEEEJ$EBA8$MICROLIB$REQ8$PRES8$EABIv2 0x00000000   Number         0  anon$$obj.o ABSOLUTE
    __ARM_use_no_argv                        0x00000000   Number         0  main.o ABSOLUTE
    __cpp_initialize__aeabi_                  - Undefined Weak Reference
    __cxa_finalize                            - Undefined Weak Reference
    _clock_init                               - Undefined Weak Reference
    _microlib_exit                            - Undefined Weak Reference
    __Vectors_Size                           0x00000130   Number         0  startup_stm32f103xe.o ABSOLUTE
    __Vectors                                0x08000000   Data           4  startup_stm32f103xe.o(RESET)
    __Vectors_End                            0x08000130   Data           0  startup_stm32f103xe.o(RESET)
    __main                                   0x08000131   Thumb Code     0  entry.o(.ARM.Collect$$$$00000000)
    _main_stk                                0x08000131   Thumb Code     0  entry2.o(.ARM.Collect$$$$00000001)
    _main_scatterload                        0x08000135   Thumb Code     0  entry5.o(.ARM.Collect$$$$00000004)
    __main_after_scatterload                 0x08000139   Thumb Code     0  entry5.o(.ARM.Collect$$$$00000004)
    _main_clock                              0x08000139   Thumb Code     0  entry7b.o(.ARM.Collect$$$$00000008)
    _main_cpp_init                           0x08000139   Thumb Code     0  entry8b.o(.ARM.Collect$$$$0000000A)
    _main_init                               0x08000139   Thumb Code     0  entry9a.o(.ARM.Collect$$$$0000000B)
    __rt_final_cpp                           0x08000141   Thumb Code     0  entry10a.o(.ARM.Collect$$$$0000000D)
    __rt_final_exit                          0x08000141   Thumb Code     0  entry11a.o(.ARM.Collect$$$$0000000F)
    Reset_Handler                            0x08000145   Thumb Code     8  startup_stm32f103xe.o(.text)
    ADC1_2_IRQHandler                        0x0800015f   Thumb Code     0  startup_stm32f103xe.o(.text)
    ADC3_IRQHandler                          0x0800015f   Thumb Code     0  startup_stm32f103xe.o(.text)
    CAN1_RX1_IRQHandler                      0x0800015f   Thumb Code     0  startup_stm32f103xe.o(.text)
    CAN1_SCE_IRQHandler                      0x0800015f   Thumb Code     0  startup_stm32f103xe.o(.text)
    DMA1_Channel2_IRQHandler                 0x0800015f   Thumb Code     0  startup_stm32f103xe.o(.text)
    DMA1_Channel3_IRQHandler                 0x0800015f   Thumb Code     0  startup_stm32f103xe.o(.text)
    DMA1_Channel4_IRQHandler                 0x0800015f   Thumb Code     0  startup_stm32f103xe.o(.text)
    DMA1_Channel5_IRQHandler                 0x0800015f   Thumb Code     0  startup_stm32f103xe.o(.text)
    DMA1_Channel6_IRQHandler                 0x0800015f   Thumb Code     0  startup_stm32f103xe.o(.text)
    DMA1_Channel7_IRQHandler                 0x0800015f   Thumb Code     0  startup_stm32f103xe.o(.text)
    DMA2_Channel1_IRQHandler                 0x0800015f   Thumb Code     0  startup_stm32f103xe.o(.text)
    DMA2_Channel2_IRQHandler                 0x0800015f   Thumb Code     0  startup_stm32f103xe.o(.text)
    DMA2_Channel3_IRQHandler                 0x0800015f   Thumb Code     0  startup_stm32f103xe.o(.text)
    DMA2_Channel4_5_IRQHandler               0x0800015f   Thumb Code     0  startup_stm32f103xe.o(.text)
    EXTI0_IRQHandler                         0x0800015f   Thumb Code     0  startup_stm32f103xe.o(.text)
    EXTI15_10_IRQHandler                     0x0800015f   Thumb Code     0  startup_stm32f103xe.o(.text)
    EXTI1_IRQHandler                         0x0800015f   Thumb Code     0  startup_stm32f103xe.o(.text)
    EXTI2_IRQHandler                         0x0800015f   Thumb Code     0  startup_stm32f103xe.o(.text)
    EXTI3_IRQHandler                         0x0800015f   Thumb Code     0  startup_stm32f103xe.o(.text)
    EXTI4_IRQHandler                         0x0800015f   Thumb Code     0  startup_stm32f103xe.o(.text)
    EXTI9_5_IRQHandler                       0x0800015f   Thumb Code     0  startup_stm32f103xe.o(.text)
    FLASH_IRQHandler                         0x0800015f   Thumb Code     0  startup_stm32f103xe.o(.text)
    FSMC_IRQHandler                          0x0800015f   Thumb Code     0  startup_stm32f103xe.o(.text)
    I2C1_ER_IRQHandler                       0x0800015f   Thumb Code     0  startup_stm32f103xe.o(.text)
    I2C1_EV_IRQHandler                       0x0800015f   Thumb Code     0  startup_stm32f103xe.o(.text)
    I2C2_ER_IRQHandler                       0x0800015f   Thumb Code     0  startup_stm32f103xe.o(.text)
    I2C2_EV_IRQHandler                       0x0800015f   Thumb Code     0  startup_stm32f103xe.o(.text)
    PVD_IRQHandler                           0x0800015f   Thumb Code     0  startup_stm32f103xe.o(.text)
    RCC_IRQHandler                           0x0800015f   Thumb Code     0  startup_stm32f103xe.o(.text)
    RTC_Alarm_IRQHandler                     0x0800015f   Thumb Code     0  startup_stm32f103xe.o(.text)
    RTC_IRQHandler                           0x0800015f   Thumb Code     0  startup_stm32f103xe.o(.text)
    SDIO_IRQHandler                          0x0800015f   Thumb Code     0  startup_stm32f103xe.o(.text)
    SPI1_IRQHandler                          0x0800015f   Thumb Code     0  startup_stm32f103xe.o(.text)
    SPI2_IRQHandler                          0x0800015f   Thumb Code     0  startup_stm32f103xe.o(.text)
    SPI3_IRQHandler                          0x0800015f   Thumb Code     0  startup_stm32f103xe.o(.text)
    TAMPER_IRQHandler                        0x0800015f   Thumb Code     0  startup_stm32f103xe.o(.text)
    TIM1_BRK_IRQHandler                      0x0800015f   Thumb Code     0  startup_stm32f103xe.o(.text)
    TIM1_CC_IRQHandler                       0x0800015f   Thumb Code     0  startup_stm32f103xe.o(.text)
    TIM1_TRG_COM_IRQHandler                  0x0800015f   Thumb Code     0  startup_stm32f103xe.o(.text)
    TIM2_IRQHandler                          0x0800015f   Thumb Code     0  startup_stm32f103xe.o(.text)
    TIM4_IRQHandler                          0x0800015f   Thumb Code     0  startup_stm32f103xe.o(.text)
    TIM5_IRQHandler                          0x0800015f   Thumb Code     0  startup_stm32f103xe.o(.text)
    TIM6_IRQHandler                          0x0800015f   Thumb Code     0  startup_stm32f103xe.o(.text)
    TIM7_IRQHandler                          0x0800015f   Thumb Code     0  startup_stm32f103xe.o(.text)
    TIM8_BRK_IRQHandler                      0x0800015f   Thumb Code     0  startup_stm32f103xe.o(.text)
    TIM8_CC_IRQHandler                       0x0800015f   Thumb Code     0  startup_stm32f103xe.o(.text)
    TIM8_TRG_COM_IRQHandler                  0x0800015f   Thumb Code     0  startup_stm32f103xe.o(.text)
    TIM8_UP_IRQHandler                       0x0800015f   Thumb Code     0  startup_stm32f103xe.o(.text)
    UART4_IRQHandler                         0x0800015f   Thumb Code     0  startup_stm32f103xe.o(.text)
    UART5_IRQHandler                         0x0800015f   Thumb Code     0  startup_stm32f103xe.o(.text)
    USART1_IRQHandler                        0x0800015f   Thumb Code     0  startup_stm32f103xe.o(.text)
    USART2_IRQHandler                        0x0800015f   Thumb Code     0  startup_stm32f103xe.o(.text)
    USART3_IRQHandler                        0x0800015f   Thumb Code     0  startup_stm32f103xe.o(.text)
    USBWakeUp_IRQHandler                     0x0800015f   Thumb Code     0  startup_stm32f103xe.o(.text)
    USB_HP_CAN1_TX_IRQHandler                0x0800015f   Thumb Code     0  startup_stm32f103xe.o(.text)
    USB_LP_CAN1_RX0_IRQHandler               0x0800015f   Thumb Code     0  startup_stm32f103xe.o(.text)
    WWDG_IRQHandler                          0x0800015f   Thumb Code     0  startup_stm32f103xe.o(.text)
    __aeabi_llsr                             0x08000169   Thumb Code    32  llushr.o(.text)
    _ll_ushift_r                             0x08000169   Thumb Code     0  llushr.o(.text)
    __aeabi_memset                           0x08000189   Thumb Code    14  memseta.o(.text)
    __aeabi_memset4                          0x08000189   Thumb Code     0  memseta.o(.text)
    __aeabi_memset8                          0x08000189   Thumb Code     0  memseta.o(.text)
    __aeabi_memclr                           0x08000197   Thumb Code     4  memseta.o(.text)
    __aeabi_memclr4                          0x08000197   Thumb Code     0  memseta.o(.text)
    __aeabi_memclr8                          0x08000197   Thumb Code     0  memseta.o(.text)
    _memset$wrapper                          0x0800019b   Thumb Code    18  memseta.o(.text)
    __aeabi_fadd                             0x080001ad   Thumb Code   164  fadd.o(.text)
    __aeabi_fsub                             0x08000251   Thumb Code     6  fadd.o(.text)
    __aeabi_frsub                            0x08000257   Thumb Code     6  fadd.o(.text)
    __aeabi_fmul                             0x0800025d   Thumb Code   100  fmul.o(.text)
    __aeabi_fdiv                             0x080002c1   Thumb Code   124  fdiv.o(.text)
    __aeabi_dadd                             0x0800033d   Thumb Code   322  dadd.o(.text)
    __aeabi_dsub                             0x0800047f   Thumb Code     6  dadd.o(.text)
    __aeabi_drsub                            0x08000485   Thumb Code     6  dadd.o(.text)
    __aeabi_dmul                             0x0800048b   Thumb Code   228  dmul.o(.text)
    __aeabi_ddiv                             0x0800056f   Thumb Code   222  ddiv.o(.text)
    __ARM_scalbn                             0x0800064d   Thumb Code    46  dscalb.o(.text)
    scalbn                                   0x0800064d   Thumb Code     0  dscalb.o(.text)
    __aeabi_i2f                              0x0800067b   Thumb Code    18  fflti.o(.text)
    __aeabi_i2d                              0x0800068d   Thumb Code    34  dflti.o(.text)
    __aeabi_ui2d                             0x080006af   Thumb Code    26  dfltui.o(.text)
    __aeabi_d2uiz                            0x080006c9   Thumb Code    50  dfixui.o(.text)
    __aeabi_f2d                              0x080006fb   Thumb Code    38  f2d.o(.text)
    __aeabi_cdcmpeq                          0x08000721   Thumb Code     0  cdcmple.o(.text)
    __aeabi_cdcmple                          0x08000721   Thumb Code    48  cdcmple.o(.text)
    __aeabi_cdrcmple                         0x08000751   Thumb Code    48  cdrcmple.o(.text)
    __aeabi_d2f                              0x08000781   Thumb Code    56  d2f.o(.text)
    __aeabi_cfcmpeq                          0x080007b9   Thumb Code     0  cfcmple.o(.text)
    __aeabi_cfcmple                          0x080007b9   Thumb Code    20  cfcmple.o(.text)
    __aeabi_cfrcmple                         0x080007cd   Thumb Code    20  cfrcmple.o(.text)
    __aeabi_llsl                             0x080007e1   Thumb Code    30  llshl.o(.text)
    _ll_shift_l                              0x080007e1   Thumb Code     0  llshl.o(.text)
    __aeabi_lasr                             0x080007ff   Thumb Code    36  llsshr.o(.text)
    _ll_sshift_r                             0x080007ff   Thumb Code     0  llsshr.o(.text)
    __I$use$fp                               0x08000823   Thumb Code     0  iusefp.o(.text)
    _float_round                             0x08000823   Thumb Code    18  fepilogue.o(.text)
    _float_epilogue                          0x08000835   Thumb Code    92  fepilogue.o(.text)
    _double_round                            0x08000891   Thumb Code    30  depilogue.o(.text)
    _double_epilogue                         0x080008af   Thumb Code   156  depilogue.o(.text)
    __scatterload                            0x0800094d   Thumb Code    28  init.o(.text)
    __scatterload_rt2                        0x0800094d   Thumb Code     0  init.o(.text)
    __decompress                             0x08000971   Thumb Code     0  __dczerorl2.o(.text)
    __decompress1                            0x08000971   Thumb Code    86  __dczerorl2.o(.text)
    ADC_ConversionStop_Disable               0x080009c9   Thumb Code    86  stm32f1xx_hal_adc.o(i.ADC_ConversionStop_Disable)
    ADC_DMAConvCplt                          0x08000a1f   Thumb Code    78  stm32f1xx_hal_adc.o(i.ADC_DMAConvCplt)
    ADC_DMAError                             0x08000a6d   Thumb Code    26  stm32f1xx_hal_adc.o(i.ADC_DMAError)
    ADC_DMAHalfConvCplt                      0x08000a87   Thumb Code    10  stm32f1xx_hal_adc.o(i.ADC_DMAHalfConvCplt)
    ADC_Enable                               0x08000a91   Thumb Code   114  stm32f1xx_hal_adc.o(i.ADC_Enable)
    BusFault_Handler                         0x08000b0d   Thumb Code     2  stm32f1xx_it.o(i.BusFault_Handler)
    CNTL_PI_F_FUNC                           0x08000b0f   Thumb Code    98  pid.o(i.CNTL_PI_F_FUNC)
    CNTL_PI_F_init                           0x08000b71   Thumb Code    34  pid.o(i.CNTL_PI_F_init)
    DMA1_Channel1_IRQHandler                 0x08000b99   Thumb Code   430  stm32f1xx_it.o(i.DMA1_Channel1_IRQHandler)
    DebugMon_Handler                         0x08000dc7   Thumb Code     2  stm32f1xx_it.o(i.DebugMon_Handler)
    Error_Handler                            0x08000dc9   Thumb Code     4  main.o(i.Error_Handler)
    HAL_ADCEx_Calibration_Start              0x08000dcd   Thumb Code   210  stm32f1xx_hal_adc_ex.o(i.HAL_ADCEx_Calibration_Start)
    HAL_ADC_ConfigChannel                    0x08000ea5   Thumb Code   240  stm32f1xx_hal_adc.o(i.HAL_ADC_ConfigChannel)
    HAL_ADC_ConvCpltCallback                 0x08000fa1   Thumb Code     2  stm32f1xx_hal_adc.o(i.HAL_ADC_ConvCpltCallback)
    HAL_ADC_ConvHalfCpltCallback             0x08000fa3   Thumb Code     2  stm32f1xx_hal_adc.o(i.HAL_ADC_ConvHalfCpltCallback)
    HAL_ADC_ErrorCallback                    0x08000fa5   Thumb Code     2  stm32f1xx_hal_adc.o(i.HAL_ADC_ErrorCallback)
    HAL_ADC_Init                             0x08000fa9   Thumb Code   272  stm32f1xx_hal_adc.o(i.HAL_ADC_Init)
    HAL_ADC_MspInit                          0x080010c9   Thumb Code   122  adc.o(i.HAL_ADC_MspInit)
    HAL_ADC_Start_DMA                        0x08001159   Thumb Code   246  stm32f1xx_hal_adc.o(i.HAL_ADC_Start_DMA)
    HAL_DMA_IRQHandler                       0x08001265   Thumb Code   552  stm32f1xx_hal_dma.o(i.HAL_DMA_IRQHandler)
    HAL_DMA_Init                             0x080014ad   Thumb Code   112  stm32f1xx_hal_dma.o(i.HAL_DMA_Init)
    HAL_DMA_Start_IT                         0x08001529   Thumb Code   112  stm32f1xx_hal_dma.o(i.HAL_DMA_Start_IT)
    HAL_GPIO_Init                            0x08001599   Thumb Code   462  stm32f1xx_hal_gpio.o(i.HAL_GPIO_Init)
    HAL_GPIO_ReadPin                         0x08001791   Thumb Code    10  stm32f1xx_hal_gpio.o(i.HAL_GPIO_ReadPin)
    HAL_GPIO_TogglePin                       0x0800179b   Thumb Code    16  stm32f1xx_hal_gpio.o(i.HAL_GPIO_TogglePin)
    HAL_GPIO_WritePin                        0x080017ab   Thumb Code    10  stm32f1xx_hal_gpio.o(i.HAL_GPIO_WritePin)
    HAL_GetTick                              0x080017b5   Thumb Code     6  stm32f1xx_hal.o(i.HAL_GetTick)
    HAL_I2C_Init                             0x080017c1   Thumb Code   376  stm32f1xx_hal_i2c.o(i.HAL_I2C_Init)
    HAL_I2C_Master_Transmit                  0x08001949   Thumb Code   290  stm32f1xx_hal_i2c.o(i.HAL_I2C_Master_Transmit)
    HAL_I2C_MspInit                          0x08001a75   Thumb Code    82  i2c.o(i.HAL_I2C_MspInit)
    HAL_IncTick                              0x08001ad5   Thumb Code    12  stm32f1xx_hal.o(i.HAL_IncTick)
    HAL_Init                                 0x08001ae5   Thumb Code    32  stm32f1xx_hal.o(i.HAL_Init)
    HAL_InitTick                             0x08001b09   Thumb Code    54  stm32f1xx_hal.o(i.HAL_InitTick)
    HAL_MspInit                              0x08001b49   Thumb Code    52  stm32f1xx_hal_msp.o(i.HAL_MspInit)
    HAL_NVIC_EnableIRQ                       0x08001b85   Thumb Code    26  stm32f1xx_hal_cortex.o(i.HAL_NVIC_EnableIRQ)
    HAL_NVIC_SetPriority                     0x08001ba1   Thumb Code    60  stm32f1xx_hal_cortex.o(i.HAL_NVIC_SetPriority)
    HAL_NVIC_SetPriorityGrouping             0x08001be1   Thumb Code    26  stm32f1xx_hal_cortex.o(i.HAL_NVIC_SetPriorityGrouping)
    HAL_RCCEx_GetPeriphCLKFreq               0x08001c05   Thumb Code   180  stm32f1xx_hal_rcc_ex.o(i.HAL_RCCEx_GetPeriphCLKFreq)
    HAL_RCCEx_PeriphCLKConfig                0x08001cd9   Thumb Code   224  stm32f1xx_hal_rcc_ex.o(i.HAL_RCCEx_PeriphCLKConfig)
    HAL_RCC_ClockConfig                      0x08001dc5   Thumb Code   280  stm32f1xx_hal_rcc.o(i.HAL_RCC_ClockConfig)
    HAL_RCC_GetPCLK1Freq                     0x08001ef1   Thumb Code    20  stm32f1xx_hal_rcc.o(i.HAL_RCC_GetPCLK1Freq)
    HAL_RCC_GetPCLK2Freq                     0x08001f11   Thumb Code    20  stm32f1xx_hal_rcc.o(i.HAL_RCC_GetPCLK2Freq)
    HAL_RCC_GetSysClockFreq                  0x08001f31   Thumb Code    74  stm32f1xx_hal_rcc.o(i.HAL_RCC_GetSysClockFreq)
    HAL_RCC_OscConfig                        0x08001f9d   Thumb Code   778  stm32f1xx_hal_rcc.o(i.HAL_RCC_OscConfig)
    HAL_SYSTICK_Config                       0x080022bd   Thumb Code    40  stm32f1xx_hal_cortex.o(i.HAL_SYSTICK_Config)
    HAL_TIMEx_BreakCallback                  0x080022e5   Thumb Code     2  stm32f1xx_hal_tim_ex.o(i.HAL_TIMEx_BreakCallback)
    HAL_TIMEx_CommutCallback                 0x080022e7   Thumb Code     2  stm32f1xx_hal_tim_ex.o(i.HAL_TIMEx_CommutCallback)
    HAL_TIMEx_ConfigBreakDeadTime            0x080022e9   Thumb Code    84  stm32f1xx_hal_tim_ex.o(i.HAL_TIMEx_ConfigBreakDeadTime)
    HAL_TIMEx_MasterConfigSynchronization    0x0800233d   Thumb Code   104  stm32f1xx_hal_tim_ex.o(i.HAL_TIMEx_MasterConfigSynchronization)
    HAL_TIMEx_PWMN_Start                     0x080023b9   Thumb Code   152  stm32f1xx_hal_tim_ex.o(i.HAL_TIMEx_PWMN_Start)
    HAL_TIM_Base_Init                        0x08002465   Thumb Code    90  stm32f1xx_hal_tim.o(i.HAL_TIM_Base_Init)
    HAL_TIM_Base_MspInit                     0x080024c1   Thumb Code    86  tim.o(i.HAL_TIM_Base_MspInit)
    HAL_TIM_Base_Start_IT                    0x08002525   Thumb Code    88  stm32f1xx_hal_tim.o(i.HAL_TIM_Base_Start_IT)
    HAL_TIM_ConfigClockSource                0x08002591   Thumb Code   214  stm32f1xx_hal_tim.o(i.HAL_TIM_ConfigClockSource)
    HAL_TIM_IC_CaptureCallback               0x08002667   Thumb Code     2  stm32f1xx_hal_tim.o(i.HAL_TIM_IC_CaptureCallback)
    HAL_TIM_IRQHandler                       0x08002669   Thumb Code   358  stm32f1xx_hal_tim.o(i.HAL_TIM_IRQHandler)
    HAL_TIM_MspPostInit                      0x080027d1   Thumb Code    82  tim.o(i.HAL_TIM_MspPostInit)
    HAL_TIM_OC_DelayElapsedCallback          0x08002835   Thumb Code     2  stm32f1xx_hal_tim.o(i.HAL_TIM_OC_DelayElapsedCallback)
    HAL_TIM_PWM_ConfigChannel                0x08002837   Thumb Code   198  stm32f1xx_hal_tim.o(i.HAL_TIM_PWM_ConfigChannel)
    HAL_TIM_PWM_Init                         0x080028fd   Thumb Code    90  stm32f1xx_hal_tim.o(i.HAL_TIM_PWM_Init)
    HAL_TIM_PWM_MspInit                      0x08002957   Thumb Code     2  stm32f1xx_hal_tim.o(i.HAL_TIM_PWM_MspInit)
    HAL_TIM_PWM_PulseFinishedCallback        0x08002959   Thumb Code     2  stm32f1xx_hal_tim.o(i.HAL_TIM_PWM_PulseFinishedCallback)
    HAL_TIM_PWM_Start                        0x0800295d   Thumb Code   160  stm32f1xx_hal_tim.o(i.HAL_TIM_PWM_Start)
    HAL_TIM_PeriodElapsedCallback            0x08002a11   Thumb Code    96  main.o(i.HAL_TIM_PeriodElapsedCallback)
    HAL_TIM_TriggerCallback                  0x08002a85   Thumb Code     2  stm32f1xx_hal_tim.o(i.HAL_TIM_TriggerCallback)
    HAL_UART_Init                            0x08002a87   Thumb Code    98  stm32f1xx_hal_uart.o(i.HAL_UART_Init)
    HAL_UART_MspInit                         0x08002ae9   Thumb Code   100  usart.o(i.HAL_UART_MspInit)
    HardFault_Handler                        0x08002b59   Thumb Code     2  stm32f1xx_it.o(i.HardFault_Handler)
    MX_ADC1_Init                             0x08002dbd   Thumb Code    92  adc.o(i.MX_ADC1_Init)
    MX_DMA_Init                              0x08002e21   Thumb Code    40  dma.o(i.MX_DMA_Init)
    MX_GPIO_Init                             0x08002e4d   Thumb Code   214  gpio.o(i.MX_GPIO_Init)
    MX_I2C2_Init                             0x08002f35   Thumb Code    50  i2c.o(i.MX_I2C2_Init)
    MX_TIM1_Init                             0x08002f75   Thumb Code   234  tim.o(i.MX_TIM1_Init)
    MX_TIM3_Init                             0x08003069   Thumb Code    96  tim.o(i.MX_TIM3_Init)
    MX_USART1_UART_Init                      0x080030d1   Thumb Code    46  usart.o(i.MX_USART1_UART_Init)
    MemManage_Handler                        0x0800310d   Thumb Code     2  stm32f1xx_it.o(i.MemManage_Handler)
    MovingAverageFilter                      0x08003111   Thumb Code    90  lvbo.o(i.MovingAverageFilter)
    NMI_Handler                              0x08003179   Thumb Code     2  stm32f1xx_it.o(i.NMI_Handler)
    OLED_init                                0x0800317b   Thumb Code   230  oled.o(i.OLED_init)
    PendSV_Handler                           0x08003261   Thumb Code     2  stm32f1xx_it.o(i.PendSV_Handler)
    SVC_Handler                              0x08003263   Thumb Code     2  stm32f1xx_it.o(i.SVC_Handler)
    SysTick_Handler                          0x08003265   Thumb Code     4  stm32f1xx_it.o(i.SysTick_Handler)
    SystemClock_Config                       0x08003269   Thumb Code   122  main.o(i.SystemClock_Config)
    SystemInit                               0x080032e3   Thumb Code     2  system_stm32f1xx.o(i.SystemInit)
    TIM1_UP_IRQHandler                       0x080032e5   Thumb Code     6  stm32f1xx_it.o(i.TIM1_UP_IRQHandler)
    TIM3_IRQHandler                          0x080032f1   Thumb Code     6  stm32f1xx_it.o(i.TIM3_IRQHandler)
    TIM_Base_SetConfig                       0x080032fd   Thumb Code   120  stm32f1xx_hal_tim.o(i.TIM_Base_SetConfig)
    TIM_CCxChannelCmd                        0x08003389   Thumb Code    26  stm32f1xx_hal_tim.o(i.TIM_CCxChannelCmd)
    TIM_ETR_SetConfig                        0x080033bd   Thumb Code    20  stm32f1xx_hal_tim.o(i.TIM_ETR_SetConfig)
    TIM_OC2_SetConfig                        0x08003441   Thumb Code    98  stm32f1xx_hal_tim.o(i.TIM_OC2_SetConfig)
    UsageFault_Handler                       0x08003665   Thumb Code     2  stm32f1xx_it.o(i.UsageFault_Handler)
    __scatterload_copy                       0x08003687   Thumb Code    14  handlers.o(i.__scatterload_copy)
    __scatterload_null                       0x08003695   Thumb Code     2  handlers.o(i.__scatterload_null)
    __scatterload_zeroinit                   0x08003697   Thumb Code    14  handlers.o(i.__scatterload_zeroinit)
    key_scan                                 0x080036a5   Thumb Code   146  main.o(i.key_scan)
    main                                     0x08003755   Thumb Code   174  main.o(i.main)
    oled_write_byte                          0x08003825   Thumb Code    30  oled.o(i.oled_write_byte)
    AHBPrescTable                            0x0800384c   Data          16  system_stm32f1xx.o(.constdata)
    APBPrescTable                            0x0800385c   Data           8  system_stm32f1xx.o(.constdata)
    Region$$Table$$Base                      0x08003864   Number         0  anon$$obj.o(Region$$Table)
    Region$$Table$$Limit                     0x08003884   Number         0  anon$$obj.o(Region$$Table)
    size                                     0x20000000   Data           4  main.o(.data)
    ceshi                                    0x20000004   Data           4  main.o(.data)
    pid                                      0x20000008   Data           4  main.o(.data)
    Voltage_REF                              0x2000000c   Data           4  main.o(.data)
    k                                        0x20000010   Data           4  main.o(.data)
    uk                                       0x20000018   Data           8  main.o(.data)
    ADC_Value                                0x20000020   Data           8  main.o(.data)
    sin1                                     0x20000028   Data         400  main.o(.data)
    ADC_count                                0x200001b8   Data           4  main.o(.data)
    K_ZERO                                   0x200001bc   Data           4  main.o(.data)
    ADC_ZERO                                 0x200001c0   Data           4  main.o(.data)
    flag                                     0x200001c4   Data           4  main.o(.data)
    effective_value                          0x200001c8   Data           8  main.o(.data)
    uwTickFreq                               0x200001d4   Data           1  stm32f1xx_hal.o(.data)
    uwTickPrio                               0x200001d8   Data           4  stm32f1xx_hal.o(.data)
    uwTick                                   0x200001dc   Data           4  stm32f1xx_hal.o(.data)
    SystemCoreClock                          0x200001e0   Data           4  system_stm32f1xx.o(.data)
    adc_buff                                 0x2000020c   Data        4096  main.o(.bss)
    U_pi                                     0x2000120c   Data          48  main.o(.bss)
    hadc1                                    0x2000123c   Data          48  adc.o(.bss)
    hdma_adc1                                0x2000126c   Data          68  adc.o(.bss)
    hi2c2                                    0x200012b0   Data          84  i2c.o(.bss)
    htim1                                    0x20001304   Data          72  tim.o(.bss)
    htim3                                    0x2000134c   Data          72  tim.o(.bss)
    huart1                                   0x20001394   Data          68  usart.o(.bss)
    data                                     0x200013ec   Data          48  lvbo.o(.bss)
    __initial_sp                             0x20001820   Data           0  startup_stm32f103xe.o(STACK)



==============================================================================

Memory Map of the image

  Image Entry point : 0x08000131

  Load Region LR_IROM1 (Base: 0x08000000, Size: 0x00003a90, Max: 0x00080000, ABSOLUTE, COMPRESSED[0x00003a2c])

    Execution Region ER_IROM1 (Exec base: 0x08000000, Load base: 0x08000000, Size: 0x00003884, Max: 0x00080000, ABSOLUTE)

    Exec Addr    Load Addr    Size         Type   Attr      Idx    E Section Name        Object

    0x08000000   0x08000000   0x00000130   Data   RO            3    RESET               startup_stm32f103xe.o
    0x08000130   0x08000130   0x00000000   Code   RO         4136  * .ARM.Collect$$$$00000000  mc_w.l(entry.o)
    0x08000130   0x08000130   0x00000004   Code   RO         4241    .ARM.Collect$$$$00000001  mc_w.l(entry2.o)
    0x08000134   0x08000134   0x00000004   Code   RO         4244    .ARM.Collect$$$$00000004  mc_w.l(entry5.o)
    0x08000138   0x08000138   0x00000000   Code   RO         4246    .ARM.Collect$$$$00000008  mc_w.l(entry7b.o)
    0x08000138   0x08000138   0x00000000   Code   RO         4248    .ARM.Collect$$$$0000000A  mc_w.l(entry8b.o)
    0x08000138   0x08000138   0x00000008   Code   RO         4249    .ARM.Collect$$$$0000000B  mc_w.l(entry9a.o)
    0x08000140   0x08000140   0x00000000   Code   RO         4251    .ARM.Collect$$$$0000000D  mc_w.l(entry10a.o)
    0x08000140   0x08000140   0x00000000   Code   RO         4253    .ARM.Collect$$$$0000000F  mc_w.l(entry11a.o)
    0x08000140   0x08000140   0x00000004   Code   RO         4242    .ARM.Collect$$$$00002712  mc_w.l(entry2.o)
    0x08000144   0x08000144   0x00000024   Code   RO            4    .text               startup_stm32f103xe.o
    0x08000168   0x08000168   0x00000020   Code   RO         4139    .text               mc_w.l(llushr.o)
    0x08000188   0x08000188   0x00000024   Code   RO         4141    .text               mc_w.l(memseta.o)
    0x080001ac   0x080001ac   0x000000b0   Code   RO         4199    .text               mf_w.l(fadd.o)
    0x0800025c   0x0800025c   0x00000064   Code   RO         4201    .text               mf_w.l(fmul.o)
    0x080002c0   0x080002c0   0x0000007c   Code   RO         4203    .text               mf_w.l(fdiv.o)
    0x0800033c   0x0800033c   0x0000014e   Code   RO         4207    .text               mf_w.l(dadd.o)
    0x0800048a   0x0800048a   0x000000e4   Code   RO         4209    .text               mf_w.l(dmul.o)
    0x0800056e   0x0800056e   0x000000de   Code   RO         4211    .text               mf_w.l(ddiv.o)
    0x0800064c   0x0800064c   0x0000002e   Code   RO         4213    .text               mf_w.l(dscalb.o)
    0x0800067a   0x0800067a   0x00000012   Code   RO         4215    .text               mf_w.l(fflti.o)
    0x0800068c   0x0800068c   0x00000022   Code   RO         4219    .text               mf_w.l(dflti.o)
    0x080006ae   0x080006ae   0x0000001a   Code   RO         4221    .text               mf_w.l(dfltui.o)
    0x080006c8   0x080006c8   0x00000032   Code   RO         4227    .text               mf_w.l(dfixui.o)
    0x080006fa   0x080006fa   0x00000026   Code   RO         4229    .text               mf_w.l(f2d.o)
    0x08000720   0x08000720   0x00000030   Code   RO         4231    .text               mf_w.l(cdcmple.o)
    0x08000750   0x08000750   0x00000030   Code   RO         4233    .text               mf_w.l(cdrcmple.o)
    0x08000780   0x08000780   0x00000038   Code   RO         4235    .text               mf_w.l(d2f.o)
    0x080007b8   0x080007b8   0x00000014   Code   RO         4237    .text               mf_w.l(cfcmple.o)
    0x080007cc   0x080007cc   0x00000014   Code   RO         4239    .text               mf_w.l(cfrcmple.o)
    0x080007e0   0x080007e0   0x0000001e   Code   RO         4260    .text               mc_w.l(llshl.o)
    0x080007fe   0x080007fe   0x00000024   Code   RO         4262    .text               mc_w.l(llsshr.o)
    0x08000822   0x08000822   0x00000000   Code   RO         4277    .text               mc_w.l(iusefp.o)
    0x08000822   0x08000822   0x0000006e   Code   RO         4278    .text               mf_w.l(fepilogue.o)
    0x08000890   0x08000890   0x000000ba   Code   RO         4282    .text               mf_w.l(depilogue.o)
    0x0800094a   0x0800094a   0x00000002   PAD
    0x0800094c   0x0800094c   0x00000024   Code   RO         4288    .text               mc_w.l(init.o)
    0x08000970   0x08000970   0x00000056   Code   RO         4298    .text               mc_w.l(__dczerorl2.o)
    0x080009c6   0x080009c6   0x00000002   PAD
    0x080009c8   0x080009c8   0x00000056   Code   RO          639    i.ADC_ConversionStop_Disable  stm32f1xx_hal_adc.o
    0x08000a1e   0x08000a1e   0x0000004e   Code   RO          640    i.ADC_DMAConvCplt   stm32f1xx_hal_adc.o
    0x08000a6c   0x08000a6c   0x0000001a   Code   RO          641    i.ADC_DMAError      stm32f1xx_hal_adc.o
    0x08000a86   0x08000a86   0x0000000a   Code   RO          642    i.ADC_DMAHalfConvCplt  stm32f1xx_hal_adc.o
    0x08000a90   0x08000a90   0x0000007c   Code   RO          643    i.ADC_Enable        stm32f1xx_hal_adc.o
    0x08000b0c   0x08000b0c   0x00000002   Code   RO          471    i.BusFault_Handler  stm32f1xx_it.o
    0x08000b0e   0x08000b0e   0x00000062   Code   RO         3687    i.CNTL_PI_F_FUNC    pid.o
    0x08000b70   0x08000b70   0x00000028   Code   RO         3688    i.CNTL_PI_F_init    pid.o
    0x08000b98   0x08000b98   0x00000204   Code   RO          472    i.DMA1_Channel1_IRQHandler  stm32f1xx_it.o
    0x08000d9c   0x08000d9c   0x0000002a   Code   RO         1293    i.DMA_SetConfig     stm32f1xx_hal_dma.o
    0x08000dc6   0x08000dc6   0x00000002   Code   RO          473    i.DebugMon_Handler  stm32f1xx_it.o
    0x08000dc8   0x08000dc8   0x00000004   Code   RO           13    i.Error_Handler     main.o
    0x08000dcc   0x08000dcc   0x000000d8   Code   RO          819    i.HAL_ADCEx_Calibration_Start  stm32f1xx_hal_adc_ex.o
    0x08000ea4   0x08000ea4   0x000000fc   Code   RO          645    i.HAL_ADC_ConfigChannel  stm32f1xx_hal_adc.o
    0x08000fa0   0x08000fa0   0x00000002   Code   RO          646    i.HAL_ADC_ConvCpltCallback  stm32f1xx_hal_adc.o
    0x08000fa2   0x08000fa2   0x00000002   Code   RO          647    i.HAL_ADC_ConvHalfCpltCallback  stm32f1xx_hal_adc.o
    0x08000fa4   0x08000fa4   0x00000002   Code   RO          649    i.HAL_ADC_ErrorCallback  stm32f1xx_hal_adc.o
    0x08000fa6   0x08000fa6   0x00000002   PAD
    0x08000fa8   0x08000fa8   0x00000120   Code   RO          654    i.HAL_ADC_Init      stm32f1xx_hal_adc.o
    0x080010c8   0x080010c8   0x00000090   Code   RO          262    i.HAL_ADC_MspInit   adc.o
    0x08001158   0x08001158   0x0000010c   Code   RO          661    i.HAL_ADC_Start_DMA  stm32f1xx_hal_adc.o
    0x08001264   0x08001264   0x00000248   Code   RO         1299    i.HAL_DMA_IRQHandler  stm32f1xx_hal_dma.o
    0x080014ac   0x080014ac   0x0000007c   Code   RO         1300    i.HAL_DMA_Init      stm32f1xx_hal_dma.o
    0x08001528   0x08001528   0x00000070   Code   RO         1304    i.HAL_DMA_Start_IT  stm32f1xx_hal_dma.o
    0x08001598   0x08001598   0x000001f8   Code   RO         1230    i.HAL_GPIO_Init     stm32f1xx_hal_gpio.o
    0x08001790   0x08001790   0x0000000a   Code   RO         1232    i.HAL_GPIO_ReadPin  stm32f1xx_hal_gpio.o
    0x0800179a   0x0800179a   0x00000010   Code   RO         1233    i.HAL_GPIO_TogglePin  stm32f1xx_hal_gpio.o
    0x080017aa   0x080017aa   0x0000000a   Code   RO         1234    i.HAL_GPIO_WritePin  stm32f1xx_hal_gpio.o
    0x080017b4   0x080017b4   0x0000000c   Code   RO          926    i.HAL_GetTick       stm32f1xx_hal.o
    0x080017c0   0x080017c0   0x00000188   Code   RO         1901    i.HAL_I2C_Init      stm32f1xx_hal_i2c.o
    0x08001948   0x08001948   0x0000012c   Code   RO         1914    i.HAL_I2C_Master_Transmit  stm32f1xx_hal_i2c.o
    0x08001a74   0x08001a74   0x00000060   Code   RO          328    i.HAL_I2C_MspInit   i2c.o
    0x08001ad4   0x08001ad4   0x00000010   Code   RO          932    i.HAL_IncTick       stm32f1xx_hal.o
    0x08001ae4   0x08001ae4   0x00000024   Code   RO          933    i.HAL_Init          stm32f1xx_hal.o
    0x08001b08   0x08001b08   0x00000040   Code   RO          934    i.HAL_InitTick      stm32f1xx_hal.o
    0x08001b48   0x08001b48   0x0000003c   Code   RO          579    i.HAL_MspInit       stm32f1xx_hal_msp.o
    0x08001b84   0x08001b84   0x0000001a   Code   RO         1390    i.HAL_NVIC_EnableIRQ  stm32f1xx_hal_cortex.o
    0x08001b9e   0x08001b9e   0x00000002   PAD
    0x08001ba0   0x08001ba0   0x00000040   Code   RO         1396    i.HAL_NVIC_SetPriority  stm32f1xx_hal_cortex.o
    0x08001be0   0x08001be0   0x00000024   Code   RO         1397    i.HAL_NVIC_SetPriorityGrouping  stm32f1xx_hal_cortex.o
    0x08001c04   0x08001c04   0x000000d4   Code   RO         1192    i.HAL_RCCEx_GetPeriphCLKFreq  stm32f1xx_hal_rcc_ex.o
    0x08001cd8   0x08001cd8   0x000000ec   Code   RO         1193    i.HAL_RCCEx_PeriphCLKConfig  stm32f1xx_hal_rcc_ex.o
    0x08001dc4   0x08001dc4   0x0000012c   Code   RO         1090    i.HAL_RCC_ClockConfig  stm32f1xx_hal_rcc.o
    0x08001ef0   0x08001ef0   0x00000020   Code   RO         1097    i.HAL_RCC_GetPCLK1Freq  stm32f1xx_hal_rcc.o
    0x08001f10   0x08001f10   0x00000020   Code   RO         1098    i.HAL_RCC_GetPCLK2Freq  stm32f1xx_hal_rcc.o
    0x08001f30   0x08001f30   0x0000006c   Code   RO         1099    i.HAL_RCC_GetSysClockFreq  stm32f1xx_hal_rcc.o
    0x08001f9c   0x08001f9c   0x00000320   Code   RO         1102    i.HAL_RCC_OscConfig  stm32f1xx_hal_rcc.o
    0x080022bc   0x080022bc   0x00000028   Code   RO         1401    i.HAL_SYSTICK_Config  stm32f1xx_hal_cortex.o
    0x080022e4   0x080022e4   0x00000002   Code   RO         3028    i.HAL_TIMEx_BreakCallback  stm32f1xx_hal_tim_ex.o
    0x080022e6   0x080022e6   0x00000002   Code   RO         3029    i.HAL_TIMEx_CommutCallback  stm32f1xx_hal_tim_ex.o
    0x080022e8   0x080022e8   0x00000054   Code   RO         3031    i.HAL_TIMEx_ConfigBreakDeadTime  stm32f1xx_hal_tim_ex.o
    0x0800233c   0x0800233c   0x0000007c   Code   RO         3047    i.HAL_TIMEx_MasterConfigSynchronization  stm32f1xx_hal_tim_ex.o
    0x080023b8   0x080023b8   0x000000ac   Code   RO         3058    i.HAL_TIMEx_PWMN_Start  stm32f1xx_hal_tim_ex.o
    0x08002464   0x08002464   0x0000005a   Code   RO         2324    i.HAL_TIM_Base_Init  stm32f1xx_hal_tim.o
    0x080024be   0x080024be   0x00000002   PAD
    0x080024c0   0x080024c0   0x00000064   Code   RO          370    i.HAL_TIM_Base_MspInit  tim.o
    0x08002524   0x08002524   0x0000006c   Code   RO         2329    i.HAL_TIM_Base_Start_IT  stm32f1xx_hal_tim.o
    0x08002590   0x08002590   0x000000d6   Code   RO         2333    i.HAL_TIM_ConfigClockSource  stm32f1xx_hal_tim.o
    0x08002666   0x08002666   0x00000002   Code   RO         2358    i.HAL_TIM_IC_CaptureCallback  stm32f1xx_hal_tim.o
    0x08002668   0x08002668   0x00000166   Code   RO         2372    i.HAL_TIM_IRQHandler  stm32f1xx_hal_tim.o
    0x080027ce   0x080027ce   0x00000002   PAD
    0x080027d0   0x080027d0   0x00000064   Code   RO          371    i.HAL_TIM_MspPostInit  tim.o
    0x08002834   0x08002834   0x00000002   Code   RO         2375    i.HAL_TIM_OC_DelayElapsedCallback  stm32f1xx_hal_tim.o
    0x08002836   0x08002836   0x000000c6   Code   RO         2396    i.HAL_TIM_PWM_ConfigChannel  stm32f1xx_hal_tim.o
    0x080028fc   0x080028fc   0x0000005a   Code   RO         2399    i.HAL_TIM_PWM_Init  stm32f1xx_hal_tim.o
    0x08002956   0x08002956   0x00000002   Code   RO         2401    i.HAL_TIM_PWM_MspInit  stm32f1xx_hal_tim.o
    0x08002958   0x08002958   0x00000002   Code   RO         2402    i.HAL_TIM_PWM_PulseFinishedCallback  stm32f1xx_hal_tim.o
    0x0800295a   0x0800295a   0x00000002   PAD
    0x0800295c   0x0800295c   0x000000b4   Code   RO         2404    i.HAL_TIM_PWM_Start  stm32f1xx_hal_tim.o
    0x08002a10   0x08002a10   0x00000074   Code   RO           14    i.HAL_TIM_PeriodElapsedCallback  main.o
    0x08002a84   0x08002a84   0x00000002   Code   RO         2415    i.HAL_TIM_TriggerCallback  stm32f1xx_hal_tim.o
    0x08002a86   0x08002a86   0x00000062   Code   RO         3324    i.HAL_UART_Init     stm32f1xx_hal_uart.o
    0x08002ae8   0x08002ae8   0x00000070   Code   RO          424    i.HAL_UART_MspInit  usart.o
    0x08002b58   0x08002b58   0x00000002   Code   RO          474    i.HardFault_Handler  stm32f1xx_it.o
    0x08002b5a   0x08002b5a   0x0000002e   Code   RO         1943    i.I2C_IsAcknowledgeFailed  stm32f1xx_hal_i2c.o
    0x08002b88   0x08002b88   0x0000009c   Code   RO         1947    i.I2C_MasterRequestWrite  stm32f1xx_hal_i2c.o
    0x08002c24   0x08002c24   0x0000004c   Code   RO         1958    i.I2C_WaitOnBTFFlagUntilTimeout  stm32f1xx_hal_i2c.o
    0x08002c70   0x08002c70   0x00000068   Code   RO         1959    i.I2C_WaitOnFlagUntilTimeout  stm32f1xx_hal_i2c.o
    0x08002cd8   0x08002cd8   0x00000096   Code   RO         1960    i.I2C_WaitOnMasterAddressFlagUntilTimeout  stm32f1xx_hal_i2c.o
    0x08002d6e   0x08002d6e   0x0000004c   Code   RO         1962    i.I2C_WaitOnTXEFlagUntilTimeout  stm32f1xx_hal_i2c.o
    0x08002dba   0x08002dba   0x00000002   PAD
    0x08002dbc   0x08002dbc   0x00000064   Code   RO          263    i.MX_ADC1_Init      adc.o
    0x08002e20   0x08002e20   0x0000002c   Code   RO          303    i.MX_DMA_Init       dma.o
    0x08002e4c   0x08002e4c   0x000000e8   Code   RO          237    i.MX_GPIO_Init      gpio.o
    0x08002f34   0x08002f34   0x00000040   Code   RO          329    i.MX_I2C2_Init      i2c.o
    0x08002f74   0x08002f74   0x000000f4   Code   RO          372    i.MX_TIM1_Init      tim.o
    0x08003068   0x08003068   0x00000068   Code   RO          373    i.MX_TIM3_Init      tim.o
    0x080030d0   0x080030d0   0x0000003c   Code   RO          425    i.MX_USART1_UART_Init  usart.o
    0x0800310c   0x0800310c   0x00000002   Code   RO          475    i.MemManage_Handler  stm32f1xx_it.o
    0x0800310e   0x0800310e   0x00000002   PAD
    0x08003110   0x08003110   0x00000068   Code   RO         3825    i.MovingAverageFilter  lvbo.o
    0x08003178   0x08003178   0x00000002   Code   RO          476    i.NMI_Handler       stm32f1xx_it.o
    0x0800317a   0x0800317a   0x000000e6   Code   RO         3719    i.OLED_init         oled.o
    0x08003260   0x08003260   0x00000002   Code   RO          477    i.PendSV_Handler    stm32f1xx_it.o
    0x08003262   0x08003262   0x00000002   Code   RO          478    i.SVC_Handler       stm32f1xx_it.o
    0x08003264   0x08003264   0x00000004   Code   RO          479    i.SysTick_Handler   stm32f1xx_it.o
    0x08003268   0x08003268   0x0000007a   Code   RO           15    i.SystemClock_Config  main.o
    0x080032e2   0x080032e2   0x00000002   Code   RO         3653    i.SystemInit        system_stm32f1xx.o
    0x080032e4   0x080032e4   0x0000000c   Code   RO          480    i.TIM1_UP_IRQHandler  stm32f1xx_it.o
    0x080032f0   0x080032f0   0x0000000c   Code   RO          481    i.TIM3_IRQHandler   stm32f1xx_it.o
    0x080032fc   0x080032fc   0x0000008c   Code   RO         2417    i.TIM_Base_SetConfig  stm32f1xx_hal_tim.o
    0x08003388   0x08003388   0x0000001a   Code   RO         2418    i.TIM_CCxChannelCmd  stm32f1xx_hal_tim.o
    0x080033a2   0x080033a2   0x0000001a   Code   RO         3067    i.TIM_CCxNChannelCmd  stm32f1xx_hal_tim_ex.o
    0x080033bc   0x080033bc   0x00000014   Code   RO         2428    i.TIM_ETR_SetConfig  stm32f1xx_hal_tim.o
    0x080033d0   0x080033d0   0x00000010   Code   RO         2429    i.TIM_ITRx_SetConfig  stm32f1xx_hal_tim.o
    0x080033e0   0x080033e0   0x00000060   Code   RO         2430    i.TIM_OC1_SetConfig  stm32f1xx_hal_tim.o
    0x08003440   0x08003440   0x0000006c   Code   RO         2431    i.TIM_OC2_SetConfig  stm32f1xx_hal_tim.o
    0x080034ac   0x080034ac   0x00000068   Code   RO         2432    i.TIM_OC3_SetConfig  stm32f1xx_hal_tim.o
    0x08003514   0x08003514   0x00000050   Code   RO         2433    i.TIM_OC4_SetConfig  stm32f1xx_hal_tim.o
    0x08003564   0x08003564   0x00000022   Code   RO         2435    i.TIM_TI1_ConfigInputStage  stm32f1xx_hal_tim.o
    0x08003586   0x08003586   0x00000024   Code   RO         2437    i.TIM_TI2_ConfigInputStage  stm32f1xx_hal_tim.o
    0x080035aa   0x080035aa   0x00000002   PAD
    0x080035ac   0x080035ac   0x000000b8   Code   RO         3350    i.UART_SetConfig    stm32f1xx_hal_uart.o
    0x08003664   0x08003664   0x00000002   Code   RO          482    i.UsageFault_Handler  stm32f1xx_it.o
    0x08003666   0x08003666   0x00000020   Code   RO         1403    i.__NVIC_SetPriority  stm32f1xx_hal_cortex.o
    0x08003686   0x08003686   0x0000000e   Code   RO         4292    i.__scatterload_copy  mc_w.l(handlers.o)
    0x08003694   0x08003694   0x00000002   Code   RO         4293    i.__scatterload_null  mc_w.l(handlers.o)
    0x08003696   0x08003696   0x0000000e   Code   RO         4294    i.__scatterload_zeroinit  mc_w.l(handlers.o)
    0x080036a4   0x080036a4   0x000000b0   Code   RO           17    i.key_scan          main.o
    0x08003754   0x08003754   0x000000d0   Code   RO           18    i.main              main.o
    0x08003824   0x08003824   0x00000028   Code   RO         3726    i.oled_write_byte   oled.o
    0x0800384c   0x0800384c   0x00000010   Data   RO         3654    .constdata          system_stm32f1xx.o
    0x0800385c   0x0800385c   0x00000008   Data   RO         3655    .constdata          system_stm32f1xx.o
    0x08003864   0x08003864   0x00000020   Data   RO         4290    Region$$Table       anon$$obj.o


    Execution Region RW_IRAM1 (Exec base: 0x20000000, Load base: 0x08003884, Size: 0x00001820, Max: 0x00010000, ABSOLUTE, COMPRESSED[0x000001a8])

    Exec Addr    Load Addr    Size         Type   Attr      Idx    E Section Name        Object

    0x20000000   COMPRESSED   0x000001b8   Data   RW           25    .data               main.o
    0x200001b8   COMPRESSED   0x00000004   Data   RW           28    .data               main.o
    0x200001bc   COMPRESSED   0x00000004   Data   RW           30    .data               main.o
    0x200001c0   COMPRESSED   0x00000004   Data   RW           31    .data               main.o
    0x200001c4   COMPRESSED   0x00000004   Data   RW           32    .data               main.o
    0x200001c8   COMPRESSED   0x00000008   Data   RW           39    .data               main.o
    0x200001d0   COMPRESSED   0x00000001   Data   RW          483    .data               stm32f1xx_it.o
    0x200001d1   COMPRESSED   0x00000003   PAD
    0x200001d4   COMPRESSED   0x0000000c   Data   RW          940    .data               stm32f1xx_hal.o
    0x200001e0   COMPRESSED   0x00000004   Data   RW         3656    .data               system_stm32f1xx.o
    0x200001e4   COMPRESSED   0x00000008   Data   RW         3729    .data               oled.o
    0x200001ec   COMPRESSED   0x00000020   Data   RW         3830    .data               lvbo.o
    0x2000020c        -       0x00001000   Zero   RW           19    .bss                main.o
    0x2000120c        -       0x00000030   Zero   RW           24    .bss                main.o
    0x2000123c        -       0x00000074   Zero   RW          264    .bss                adc.o
    0x200012b0        -       0x00000054   Zero   RW          330    .bss                i2c.o
    0x20001304        -       0x00000090   Zero   RW          374    .bss                tim.o
    0x20001394        -       0x00000044   Zero   RW          427    .bss                usart.o
    0x200013d8        -       0x00000044   Zero   RW         3828    .bss                lvbo.o
    0x2000141c   COMPRESSED   0x00000004   PAD
    0x20001420        -       0x00000400   Zero   RW            1    STACK               startup_stm32f103xe.o


==============================================================================

Image component sizes


      Code (inc. data)   RO Data    RW Data    ZI Data      Debug   Object Name

       244         30          0          0        116       1791   adc.o
        44          4          0          0          0        770   dma.o
       232         18          0          0          0        975   gpio.o
       160         28          0          0         84       1649   i2c.o
       104         14          0         32         68       2543   lvbo.o
       626         84          0        464       4144     522412   main.o
       270         10          0          8          0       2292   oled.o
       138          6          0          0          0       1990   pid.o
        36          8        304          0       1024        808   startup_stm32f103xe.o
       128         24          0         12          0       5949   stm32f1xx_hal.o
      1138         60          0          0          0       8658   stm32f1xx_hal_adc.o
       216          6          0          0          0       1442   stm32f1xx_hal_adc_ex.o
       198         14          0          0          0      28971   stm32f1xx_hal_cortex.o
       862         44          0          0          0       3695   stm32f1xx_hal_dma.o
       540         42          0          0          0       4168   stm32f1xx_hal_gpio.o
      1300         32          0          0          0       8965   stm32f1xx_hal_i2c.o
        60          8          0          0          0        882   stm32f1xx_hal_msp.o
      1272        100          0          0          0       5228   stm32f1xx_hal_rcc.o
       448         44          0          0          0       2585   stm32f1xx_hal_rcc_ex.o
      1908         96          0          0          0      16194   stm32f1xx_hal_tim.o
       410         40          0          0          0       4596   stm32f1xx_hal_tim_ex.o
       282          6          0          0          0       1888   stm32f1xx_hal_uart.o
       560         98          0          1          0       5476   stm32f1xx_it.o
         2          0         24          4          0       1131   system_stm32f1xx.o
       548         50          0          0        144       3185   tim.o
       172         26          0          0         68       1806   usart.o

    ----------------------------------------------------------------------
     11914        892        360        524       5652     640049   Object Totals
         0          0         32          0          0          0   (incl. Generated)
        16          0          0          3          4          0   (incl. Padding)

    ----------------------------------------------------------------------

      Code (inc. data)   RO Data    RW Data    ZI Data      Debug   Library Member Name

        86          0          0          0          0          0   __dczerorl2.o
         0          0          0          0          0          0   entry.o
         0          0          0          0          0          0   entry10a.o
         0          0          0          0          0          0   entry11a.o
         8          4          0          0          0          0   entry2.o
         4          0          0          0          0          0   entry5.o
         0          0          0          0          0          0   entry7b.o
         0          0          0          0          0          0   entry8b.o
         8          4          0          0          0          0   entry9a.o
        30          0          0          0          0          0   handlers.o
        36          8          0          0          0         68   init.o
         0          0          0          0          0          0   iusefp.o
        30          0          0          0          0         68   llshl.o
        36          0          0          0          0         68   llsshr.o
        32          0          0          0          0         68   llushr.o
        36          0          0          0          0        108   memseta.o
        48          0          0          0          0         68   cdcmple.o
        48          0          0          0          0         68   cdrcmple.o
        20          0          0          0          0         68   cfcmple.o
        20          0          0          0          0         68   cfrcmple.o
        56          0          0          0          0         88   d2f.o
       334          0          0          0          0        148   dadd.o
       222          0          0          0          0        100   ddiv.o
       186          0          0          0          0        176   depilogue.o
        50          0          0          0          0         76   dfixui.o
        34          0          0          0          0         76   dflti.o
        26          0          0          0          0         76   dfltui.o
       228          0          0          0          0         96   dmul.o
        46          0          0          0          0         80   dscalb.o
        38          0          0          0          0         68   f2d.o
       176          0          0          0          0        140   fadd.o
       124          0          0          0          0         88   fdiv.o
       110          0          0          0          0        168   fepilogue.o
        18          0          0          0          0         68   fflti.o
       100          0          0          0          0         76   fmul.o

    ----------------------------------------------------------------------
      2194         16          0          0          0       2176   Library Totals
         4          0          0          0          0          0   (incl. Padding)

    ----------------------------------------------------------------------

      Code (inc. data)   RO Data    RW Data    ZI Data      Debug   Library Name

       306         16          0          0          0        380   mc_w.l
      1884          0          0          0          0       1796   mf_w.l

    ----------------------------------------------------------------------
      2194         16          0          0          0       2176   Library Totals

    ----------------------------------------------------------------------

==============================================================================


      Code (inc. data)   RO Data    RW Data    ZI Data      Debug   

     14108        908        360        524       5652     635749   Grand Totals
     14108        908        360        424       5652     635749   ELF Image Totals (compressed)
     14108        908        360        424          0          0   ROM Totals

==============================================================================

    Total RO  Size (Code + RO Data)                14468 (  14.13kB)
    Total RW  Size (RW Data + ZI Data)              6176 (   6.03kB)
    Total ROM Size (Code + RO Data + RW Data)      14892 (  14.54kB)

==============================================================================

